<html>
<body>
<pre>
<h1>µVision Build Log</h1>
<h2>Tool Versions:</h2>
IDE-Version: ¦ÌVision V5.41.0.0
Copyright (C) 2024 ARM Ltd and ARM Germany GmbH. All rights reserved.
License Information: xx xx, xx, LIC=SDA0P-M43CQ-LQ10Q-NADJD-VRY7J-9RX65
 
Tool Versions:
Toolchain:       MDK-ARM Plus  Version: 5.41.0.0
Toolchain Path:  D:\mdk\ARM\ARMCLANG\Bin
C Compiler:      ArmClang.exe V6.22
Assembler:       Armasm.exe V6.22
Linker/Locator:  ArmLink.exe V6.22
Library Manager: ArmAr.exe V6.22
Hex Converter:   FromElf.exe V6.22
CPU DLL:         SARMCM3.DLL V5.41.0.0
Dialog DLL:      DCM.DLL V1.17.5.0
Target DLL:      Segger\JL2CM3.dll V2.99.45.0
Dialog DLL:      TCM.DLL V1.56.4.0
 
<h2>Project:</h2>
D:\AT32_USE\APP-V106SP03\project\MDK_V5\OAKO_WHOLE_VERSION.uvprojx
Project File Date:  12/08/2025

<h2>Output:</h2>
*** Using Compiler 'V6.22', folder: 'D:\mdk\ARM\ARMCLANG\Bin'
Rebuild target 'OAKO_WHOLE_VERSION'
compiling wk_debug.c...
compiling at32f403a_407_wk_config.c...
compiling include_port.c...
compiling wk_usart.c...
compiling wk_gpio.c...
compiling wk_wdt.c...
compiling wk_system.c...
compiling wk_i2c.c...
compiling main.c...
compiling freertos_app.c...
compiling rtc.c...
compiling at32f403a_407_int.c...
compiling utis.c...
compiling mqtt_business_task.c...
compiling version_info.c...
compiling md5.c...
compiling factory_mode.c...
compiling at32f403a_407_rtc.c...
compiling at32f403a_407_crm.c...
compiling at32f403a_407_gpio.c...
compiling mobile_monitor.c...
compiling at32f403a_407_i2c.c...
compiling at32f403a_407_usart.c...
compiling at32f403a_407_tmr.c...
compiling at32f403a_407_pwc.c...
compiling at32f403a_407_adc.c...
compiling at32f403a_407_spi.c...
compiling at32f403a_407_dma.c...
compiling at32f403a_407_crc.c...
compiling at32f403a_407_wwdt.c...
compiling at32f403a_407_wdt.c...
compiling at32f403a_407_exint.c...
compiling at32f403a_407_flash.c...
compiling at32f403a_407_misc.c...
compiling at32f403a_407_acc.c...
compiling at32f403a_407_dac.c...
compiling at32f403a_407_usb.c...
compiling at32f403a_407_can.c...
assembling startup_at32f403a_407.s...
compiling at32f403a_407_emac.c...
compiling at32f403a_407_xmc.c...
compiling at32f403a_407_debug.c...
compiling at32f403a_407_sdio.c...
compiling at32f403a_407_bpr.c...
compiling system_at32f403a_407.c...
compiling hp203b.c...
compiling hpw6862i.c...
compiling user_task.c...
compiling mqttsend.c...
compiling watchdog_task.c...
compiling button_task.c...
compiling user_uart.c...
compiling mainprocess.c...
compiling delay.c...
compiling ota_mcu.c...
compiling valve_control.c...
compiling soft_i2c.c...
compiling i2c_application.c...
compiling led_colour.c...
compiling gt_adc.c...
compiling spi_flash.c...
compiling multi_button.c...
compiling drv_led.c...
compiling user_time.c...
compiling user_flash.c...
compiling data_process.c...
compiling croutine.c...
compiling list.c...
assembling cmb_fault.S...
compiling sn_tool.c...
compiling event_groups.c...
compiling heap_4.c...
compiling timers.c...
compiling stream_buffer.c...
compiling queue.c...
compiling cm_backtrace.c...
compiling tasks.c...
linking...
Program Size: Code=116340 RO-data=2720 RW-data=1712 ZI-data=88104  
FromELF: creating hex file...
After Build - User command #1: fromelf.exe --bin --output app.bin "D:\AT32_USE\APP-V106SP03\project\MDK_V5\objects\oh.axf"
".\objects\oh.axf" - 0 Error(s), 0 Warning(s).

<h2>Software Packages used:</h2>

Package Vendor: ArteryTek
                
                ArteryTek::AT32F403A_407_DFP@2.2.1
                ArteryTek AT32F403A_407 Series Device Support,Drivers

<h2>Collection of Component include folders:</h2>
  D:/keil_pack/ArteryTek/AT32F403A_407_DFP/2.2.1/Device/Include

<h2>Collection of Component Files used:</h2>
Build Time Elapsed:  00:00:01
</pre>
</body>
</html>
