<!doctype html public "-//w3c//dtd html 4.0 transitional//en">
<html><head>
<title>Static Call Graph - [.\objects\oh.axf]</title></head>
<body><HR>
<H1>Static Call Graph for image .\objects\oh.axf</H1><HR>
<BR><P>#&#060CALLGRAPH&#062# ARM Linker, 6220000: Last Updated: Mon Dec  8 16:26:44 2025
<BR><P>
<H3>Maximum Stack Usage =        724 bytes + Unknown(Functions without stacksize, Cycles, Untraceable Function Pointers)</H3><H3>
Call chain for Maximum Stack Depth:</H3>
mqtt_business_task &rArr; mqtt_business_process_rcv_msg &rArr; process_mqtt_message &rArr; json_extract_double &rArr; __hardfp_strtod &rArr; __strtod_int &rArr; _local_sscanf &rArr; _scanf_real &rArr; _scanf_really_real &rArr; _fp_value &rArr; _btod_etento &rArr; _btod_emul &rArr; _e2e
<P>
<H3>
Functions with no stack information
</H3><UL>
 <LI><a href="#[15c]">__user_initial_stackheap</a>
</UL>
</UL>
<P>
<H3>
Mutually Recursive functions
</H3> <LI><a href="#[8f]">ACC_IRQHandler</a>&nbsp;&nbsp;&nbsp;&rArr;&nbsp;&nbsp;&nbsp;<a href="#[8f]">ACC_IRQHandler</a><BR>
</UL>
<P>
<H3>
Function Pointers
</H3><UL>
 <LI><a href="#[8f]">ACC_IRQHandler</a> from startup_at32f403a_407.o(.text) referenced from startup_at32f403a_407.o(RESET)
 <LI><a href="#[5d]">ADC1_2_IRQHandler</a> from startup_at32f403a_407.o(.text) referenced from startup_at32f403a_407.o(RESET)
 <LI><a href="#[7a]">ADC3_IRQHandler</a> from startup_at32f403a_407.o(.text) referenced from startup_at32f403a_407.o(RESET)
 <LI><a href="#[b9]">BMP6862I_Task</a> from user_task.o(.text.BMP6862I_Task) referenced 2 times from user_task.o(.text.user_task_create)
 <LI><a href="#[b9]">BMP6862I_Task</a> from user_task.o(.text.BMP6862I_Task) referenced 2 times from user_task.o(.text.watchdog_task)
 <LI><a href="#[45]">BusFault_Handler</a> from at32f403a_407_int.o(.text.BusFault_Handler) referenced from startup_at32f403a_407.o(RESET)
 <LI><a href="#[60]">CAN1_RX1_IRQHandler</a> from startup_at32f403a_407.o(.text) referenced from startup_at32f403a_407.o(RESET)
 <LI><a href="#[61]">CAN1_SE_IRQHandler</a> from startup_at32f403a_407.o(.text) referenced from startup_at32f403a_407.o(RESET)
 <LI><a href="#[8c]">CAN2_RX0_IRQHandler</a> from startup_at32f403a_407.o(.text) referenced from startup_at32f403a_407.o(RESET)
 <LI><a href="#[8d]">CAN2_RX1_IRQHandler</a> from startup_at32f403a_407.o(.text) referenced from startup_at32f403a_407.o(RESET)
 <LI><a href="#[8e]">CAN2_SE_IRQHandler</a> from startup_at32f403a_407.o(.text) referenced from startup_at32f403a_407.o(RESET)
 <LI><a href="#[8b]">CAN2_TX_IRQHandler</a> from startup_at32f403a_407.o(.text) referenced from startup_at32f403a_407.o(RESET)
 <LI><a href="#[50]">CRM_IRQHandler</a> from startup_at32f403a_407.o(.text) referenced from startup_at32f403a_407.o(RESET)
 <LI><a href="#[56]">DMA1_Channel1_IRQHandler</a> from at32f403a_407_int.o(.text.DMA1_Channel1_IRQHandler) referenced from startup_at32f403a_407.o(RESET)
 <LI><a href="#[57]">DMA1_Channel2_IRQHandler</a> from startup_at32f403a_407.o(.text) referenced from startup_at32f403a_407.o(RESET)
 <LI><a href="#[58]">DMA1_Channel3_IRQHandler</a> from startup_at32f403a_407.o(.text) referenced from startup_at32f403a_407.o(RESET)
 <LI><a href="#[59]">DMA1_Channel4_IRQHandler</a> from startup_at32f403a_407.o(.text) referenced from startup_at32f403a_407.o(RESET)
 <LI><a href="#[5a]">DMA1_Channel5_IRQHandler</a> from startup_at32f403a_407.o(.text) referenced from startup_at32f403a_407.o(RESET)
 <LI><a href="#[5b]">DMA1_Channel6_IRQHandler</a> from startup_at32f403a_407.o(.text) referenced from startup_at32f403a_407.o(RESET)
 <LI><a href="#[5c]">DMA1_Channel7_IRQHandler</a> from startup_at32f403a_407.o(.text) referenced from startup_at32f403a_407.o(RESET)
 <LI><a href="#[83]">DMA2_Channel1_IRQHandler</a> from startup_at32f403a_407.o(.text) referenced from startup_at32f403a_407.o(RESET)
 <LI><a href="#[84]">DMA2_Channel2_IRQHandler</a> from startup_at32f403a_407.o(.text) referenced from startup_at32f403a_407.o(RESET)
 <LI><a href="#[85]">DMA2_Channel3_IRQHandler</a> from startup_at32f403a_407.o(.text) referenced from startup_at32f403a_407.o(RESET)
 <LI><a href="#[86]">DMA2_Channel4_5_IRQHandler</a> from startup_at32f403a_407.o(.text) referenced from startup_at32f403a_407.o(RESET)
 <LI><a href="#[92]">DMA2_Channel6_7_IRQHandler</a> from startup_at32f403a_407.o(.text) referenced from startup_at32f403a_407.o(RESET)
 <LI><a href="#[48]">DebugMon_Handler</a> from at32f403a_407_int.o(.text.DebugMon_Handler) referenced from startup_at32f403a_407.o(RESET)
 <LI><a href="#[96]">EMAC_IRQHandler</a> from startup_at32f403a_407.o(.text) referenced from startup_at32f403a_407.o(RESET)
 <LI><a href="#[97]">EMAC_WKUP_IRQHandler</a> from startup_at32f403a_407.o(.text) referenced from startup_at32f403a_407.o(RESET)
 <LI><a href="#[51]">EXINT0_IRQHandler</a> from startup_at32f403a_407.o(.text) referenced from startup_at32f403a_407.o(RESET)
 <LI><a href="#[73]">EXINT15_10_IRQHandler</a> from startup_at32f403a_407.o(.text) referenced from startup_at32f403a_407.o(RESET)
 <LI><a href="#[52]">EXINT1_IRQHandler</a> from startup_at32f403a_407.o(.text) referenced from startup_at32f403a_407.o(RESET)
 <LI><a href="#[53]">EXINT2_IRQHandler</a> from startup_at32f403a_407.o(.text) referenced from startup_at32f403a_407.o(RESET)
 <LI><a href="#[54]">EXINT3_IRQHandler</a> from startup_at32f403a_407.o(.text) referenced from startup_at32f403a_407.o(RESET)
 <LI><a href="#[55]">EXINT4_IRQHandler</a> from startup_at32f403a_407.o(.text) referenced from startup_at32f403a_407.o(RESET)
 <LI><a href="#[62]">EXINT9_5_IRQHandler</a> from startup_at32f403a_407.o(.text) referenced from startup_at32f403a_407.o(RESET)
 <LI><a href="#[4f]">FLASH_IRQHandler</a> from startup_at32f403a_407.o(.text) referenced from startup_at32f403a_407.o(RESET)
 <LI><a href="#[43]">HardFault_Handler</a> from cmb_fault.o(.text) referenced from startup_at32f403a_407.o(RESET)
 <LI><a href="#[6b]">I2C1_ERR_IRQHandler</a> from at32f403a_407_int.o(.text.I2C1_ERR_IRQHandler) referenced from startup_at32f403a_407.o(RESET)
 <LI><a href="#[6a]">I2C1_EVT_IRQHandler</a> from at32f403a_407_int.o(.text.I2C1_EVT_IRQHandler) referenced from startup_at32f403a_407.o(RESET)
 <LI><a href="#[6d]">I2C2_ERR_IRQHandler</a> from at32f403a_407_int.o(.text.I2C2_ERR_IRQHandler) referenced from startup_at32f403a_407.o(RESET)
 <LI><a href="#[6c]">I2C2_EVT_IRQHandler</a> from at32f403a_407_int.o(.text.I2C2_EVT_IRQHandler) referenced from startup_at32f403a_407.o(RESET)
 <LI><a href="#[89]">I2C3_ERR_IRQHandler</a> from at32f403a_407_int.o(.text.I2C3_ERR_IRQHandler) referenced from startup_at32f403a_407.o(RESET)
 <LI><a href="#[88]">I2C3_EVT_IRQHandler</a> from at32f403a_407_int.o(.text.I2C3_EVT_IRQHandler) referenced from startup_at32f403a_407.o(RESET)
 <LI><a href="#[a4]">KeyReadPin</a> from button_task.o(.text.KeyReadPin) referenced 2 times from button_task.o(.text.buttons_init)
 <LI><a href="#[44]">MemManage_Handler</a> from at32f403a_407_int.o(.text.MemManage_Handler) referenced from startup_at32f403a_407.o(RESET)
 <LI><a href="#[42]">NMI_Handler</a> from at32f403a_407_int.o(.text.NMI_Handler) referenced from startup_at32f403a_407.o(RESET)
 <LI><a href="#[b2]">OTA_timeout_task</a> from ota_mcu.o(.text.OTA_timeout_task) referenced 2 times from ota_mcu.o(.text.ota_task)
 <LI><a href="#[4c]">PVM_IRQHandler</a> from startup_at32f403a_407.o(.text) referenced from startup_at32f403a_407.o(RESET)
 <LI><a href="#[49]">PendSV_Handler</a> from include_port.o(.text.PendSV_Handler) referenced from startup_at32f403a_407.o(RESET)
 <LI><a href="#[74]">RTCAlarm_IRQHandler</a> from startup_at32f403a_407.o(.text) referenced from startup_at32f403a_407.o(RESET)
 <LI><a href="#[4e]">RTC_IRQHandler</a> from startup_at32f403a_407.o(.text) referenced from startup_at32f403a_407.o(RESET)
 <LI><a href="#[41]">Reset_Handler</a> from startup_at32f403a_407.o(.text) referenced from startup_at32f403a_407.o(RESET)
 <LI><a href="#[7c]">SDIO1_IRQHandler</a> from startup_at32f403a_407.o(.text) referenced from startup_at32f403a_407.o(RESET)
 <LI><a href="#[87]">SDIO2_IRQHandler</a> from startup_at32f403a_407.o(.text) referenced from startup_at32f403a_407.o(RESET)
 <LI><a href="#[6e]">SPI1_IRQHandler</a> from startup_at32f403a_407.o(.text) referenced from startup_at32f403a_407.o(RESET)
 <LI><a href="#[6f]">SPI2_I2S2EXT_IRQHandler</a> from startup_at32f403a_407.o(.text) referenced from startup_at32f403a_407.o(RESET)
 <LI><a href="#[7e]">SPI3_I2S3EXT_IRQHandler</a> from startup_at32f403a_407.o(.text) referenced from startup_at32f403a_407.o(RESET)
 <LI><a href="#[8a]">SPI4_IRQHandler</a> from startup_at32f403a_407.o(.text) referenced from startup_at32f403a_407.o(RESET)
 <LI><a href="#[47]">SVC_Handler</a> from include_port.o(.text.SVC_Handler) referenced from startup_at32f403a_407.o(RESET)
 <LI><a href="#[4a]">SysTick_Handler</a> from at32f403a_407_int.o(.text.SysTick_Handler) referenced from startup_at32f403a_407.o(RESET)
 <LI><a href="#[98]">SystemInit</a> from system_at32f403a_407.o(.text.SystemInit) referenced from startup_at32f403a_407.o(.text)
 <LI><a href="#[4d]">TAMPER_IRQHandler</a> from startup_at32f403a_407.o(.text) referenced from startup_at32f403a_407.o(RESET)
 <LI><a href="#[63]">TMR1_BRK_TMR9_IRQHandler</a> from startup_at32f403a_407.o(.text) referenced from startup_at32f403a_407.o(RESET)
 <LI><a href="#[66]">TMR1_CH_IRQHandler</a> from startup_at32f403a_407.o(.text) referenced from startup_at32f403a_407.o(RESET)
 <LI><a href="#[64]">TMR1_OVF_TMR10_IRQHandler</a> from startup_at32f403a_407.o(.text) referenced from startup_at32f403a_407.o(RESET)
 <LI><a href="#[65]">TMR1_TRG_HALL_TMR11_IRQHandler</a> from startup_at32f403a_407.o(.text) referenced from startup_at32f403a_407.o(RESET)
 <LI><a href="#[67]">TMR2_GLOBAL_IRQHandler</a> from startup_at32f403a_407.o(.text) referenced from startup_at32f403a_407.o(RESET)
 <LI><a href="#[68]">TMR3_GLOBAL_IRQHandler</a> from startup_at32f403a_407.o(.text) referenced from startup_at32f403a_407.o(RESET)
 <LI><a href="#[69]">TMR4_GLOBAL_IRQHandler</a> from at32f403a_407_int.o(.text.TMR4_GLOBAL_IRQHandler) referenced from startup_at32f403a_407.o(RESET)
 <LI><a href="#[7d]">TMR5_GLOBAL_IRQHandler</a> from startup_at32f403a_407.o(.text) referenced from startup_at32f403a_407.o(RESET)
 <LI><a href="#[81]">TMR6_GLOBAL_IRQHandler</a> from startup_at32f403a_407.o(.text) referenced from startup_at32f403a_407.o(RESET)
 <LI><a href="#[82]">TMR7_GLOBAL_IRQHandler</a> from startup_at32f403a_407.o(.text) referenced from startup_at32f403a_407.o(RESET)
 <LI><a href="#[76]">TMR8_BRK_TMR12_IRQHandler</a> from startup_at32f403a_407.o(.text) referenced from startup_at32f403a_407.o(RESET)
 <LI><a href="#[79]">TMR8_CH_IRQHandler</a> from startup_at32f403a_407.o(.text) referenced from startup_at32f403a_407.o(RESET)
 <LI><a href="#[77]">TMR8_OVF_TMR13_IRQHandler</a> from startup_at32f403a_407.o(.text) referenced from startup_at32f403a_407.o(RESET)
 <LI><a href="#[78]">TMR8_TRG_HALL_TMR14_IRQHandler</a> from startup_at32f403a_407.o(.text) referenced from startup_at32f403a_407.o(RESET)
 <LI><a href="#[7f]">UART4_IRQHandler</a> from startup_at32f403a_407.o(.text) referenced from startup_at32f403a_407.o(RESET)
 <LI><a href="#[80]">UART5_IRQHandler</a> from gt_uart.o(.text.UART5_IRQHandler) referenced from startup_at32f403a_407.o(RESET)
 <LI><a href="#[94]">UART7_IRQHandler</a> from startup_at32f403a_407.o(.text) referenced from startup_at32f403a_407.o(RESET)
 <LI><a href="#[95]">UART8_IRQHandler</a> from startup_at32f403a_407.o(.text) referenced from startup_at32f403a_407.o(RESET)
 <LI><a href="#[70]">USART1_IRQHandler</a> from gt_uart.o(.text.USART1_IRQHandler) referenced from startup_at32f403a_407.o(RESET)
 <LI><a href="#[71]">USART2_IRQHandler</a> from gt_uart.o(.text.USART2_IRQHandler) referenced from startup_at32f403a_407.o(RESET)
 <LI><a href="#[72]">USART3_IRQHandler</a> from startup_at32f403a_407.o(.text) referenced from startup_at32f403a_407.o(RESET)
 <LI><a href="#[93]">USART6_IRQHandler</a> from startup_at32f403a_407.o(.text) referenced from startup_at32f403a_407.o(RESET)
 <LI><a href="#[75]">USBFSWakeUp_IRQHandler</a> from startup_at32f403a_407.o(.text) referenced from startup_at32f403a_407.o(RESET)
 <LI><a href="#[5e]">USBFS_H_CAN1_TX_IRQHandler</a> from startup_at32f403a_407.o(.text) referenced from startup_at32f403a_407.o(RESET)
 <LI><a href="#[5f]">USBFS_L_CAN1_RX0_IRQHandler</a> from startup_at32f403a_407.o(.text) referenced from startup_at32f403a_407.o(RESET)
 <LI><a href="#[90]">USBFS_MAPH_IRQHandler</a> from startup_at32f403a_407.o(.text) referenced from startup_at32f403a_407.o(RESET)
 <LI><a href="#[91]">USBFS_MAPL_IRQHandler</a> from startup_at32f403a_407.o(.text) referenced from startup_at32f403a_407.o(RESET)
 <LI><a href="#[46]">UsageFault_Handler</a> from at32f403a_407_int.o(.text.UsageFault_Handler) referenced from startup_at32f403a_407.o(RESET)
 <LI><a href="#[4b]">WWDT_IRQHandler</a> from startup_at32f403a_407.o(.text) referenced from startup_at32f403a_407.o(RESET)
 <LI><a href="#[7b]">XMC_IRQHandler</a> from startup_at32f403a_407.o(.text) referenced from startup_at32f403a_407.o(RESET)
 <LI><a href="#[99]">__main</a> from __main.o(!!!main) referenced from startup_at32f403a_407.o(.text)
 <LI><a href="#[9a]">_get_lc_ctype</a> from lc_ctype_c.o(locale$$code) referenced from rt_ctype_table.o(.text)
 <LI><a href="#[9f]">_printf_input_char</a> from _printf_char_common.o(.text) referenced from _printf_char_common.o(.text)
 <LI><a href="#[9e]">_sbackspace</a> from _sgetc.o(.text) referenced 2 times from sscanf.o(.text)
 <LI><a href="#[a0]">_scanf_char_input</a> from scanf_char.o(.text) referenced from scanf_char.o(.text)
 <LI><a href="#[9d]">_sgetc</a> from _sgetc.o(.text) referenced 2 times from sscanf.o(.text)
 <LI><a href="#[9c]">_snputc</a> from _snputc.o(.text) referenced from snprintf.o(.text)
 <LI><a href="#[9b]">_sputc</a> from _sputc.o(.text) referenced 2 times from sprintf.o(.text)
 <LI><a href="#[a3]">bt_dev_task</a> from bt_device.o(.text.bt_dev_task) referenced 2 times from bt_device.o(.text.bt_dev_create_task)
 <LI><a href="#[a6]">btn1_double_click_handler</a> from button_task.o(.text.btn1_double_click_handler) referenced 2 times from button_task.o(.text.buttons_init)
 <LI><a href="#[a5]">btn1_first_click_handler</a> from button_task.o(.text.btn1_first_click_handler) referenced 2 times from button_task.o(.text.buttons_init)
 <LI><a href="#[a7]">btn1_long_click_handler</a> from button_task.o(.text.btn1_long_click_handler) referenced 2 times from button_task.o(.text.buttons_init)
 <LI><a href="#[38]">change_mdbus_password</a> from modbus_operation.o(.text.change_mdbus_password) referenced 2 times from modbus_operation.o(.data.operations)
 <LI><a href="#[2c]">clear_last_warning</a> from modbus_operation.o(.text.clear_last_warning) referenced 2 times from modbus_operation.o(.data.operations)
 <LI><a href="#[b4]">compare_floats</a> from mainprocess.o(.text.compare_floats) referenced 2 times from mainprocess.o(.text.process_flow_samples)
 <LI><a href="#[2d]">enter_factory_mode</a> from modbus_operation.o(.text.enter_factory_mode) referenced 2 times from modbus_operation.o(.data.operations)
 <LI><a href="#[be]">factory_clean_err</a> from user_task.o(.text.factory_clean_err) referenced 2 times from user_task.o(.text.user_task_create)
 <LI><a href="#[a8]">factory_mode_watchdog_task</a> from watchdog_task.o(.text.factory_mode_watchdog_task) referenced 2 times from watchdog_task.o(.text.create_wdt_task)
 <LI><a href="#[c3]">factory_read_sw_mode</a> from user_task.o(.text.factory_read_sw_mode) referenced 2 times from user_task.o(.text.user_task_create)
 <LI><a href="#[c2]">factory_set_sw_mode</a> from user_task.o(.text.factory_set_sw_mode) referenced 2 times from user_task.o(.text.user_task_create)
 <LI><a href="#[ae]">fw_data_transfer</a> from modbus_operation.o(.text.fw_data_transfer) referenced 2 times from modbus_operation.o(.text.modbus_get_handle_func)
 <LI><a href="#[c6]">gt_uart_configure</a> from gt_uart.o(.text.gt_uart_configure) referenced from gt_uart.o(.rodata.gt_uart_ops)
 <LI><a href="#[c8]">gt_uart_getc</a> from gt_uart.o(.text.gt_uart_getc) referenced from gt_uart.o(.rodata.gt_uart_ops)
 <LI><a href="#[c7]">gt_uart_putc</a> from gt_uart.o(.text.gt_uart_putc) referenced from gt_uart.o(.rodata.gt_uart_ops)
 <LI><a href="#[ba]">hp203b_task</a> from user_task.o(.text.hp203b_task) referenced 2 times from user_task.o(.text.user_task_create)
 <LI><a href="#[b3]">http_out_rcv_cb</a> from ota_mcu.o(.text.http_out_rcv_cb) referenced 2 times from ota_mcu.o(.text.ota_task)
 <LI><a href="#[a9]">instart_watchdog_task</a> from watchdog_task.o(.text.instart_watchdog_task) referenced 2 times from watchdog_task.o(.text.create_wdt_task)
 <LI><a href="#[a1]">isspace</a> from isspace.o(.text) referenced 2 times from scanf_char.o(.text)
 <LI><a href="#[b7]">led_task</a> from led_colour.o(.text.led_task) referenced 2 times from user_task.o(.text.user_task_create)
 <LI><a href="#[bb]">main_process_task</a> from user_task.o(.text.main_process_task) referenced 2 times from user_task.o(.text.user_task_create)
 <LI><a href="#[30]">mcu_ota_byself</a> from modbus_operation.o(.text.mcu_ota_byself) referenced 2 times from modbus_operation.o(.data.operations)
 <LI><a href="#[ac]">mobile_dev_task</a> from mobile_device.o(.text.mobile_dev_task) referenced 2 times from mobile_device.o(.text.mobile_dev_create_task)
 <LI><a href="#[ad]">mobile_monitor_task</a> from mobile_monitor.o(.text.mobile_monitor_task) referenced 2 times from mobile_monitor.o(.text.mobile_monitor_create_task)
 <LI><a href="#[af]">modbus_rtu_task</a> from mbrtu.o(.text.modbus_rtu_task) referenced 2 times from mbrtu.o(.text.modbus_rtu_create_task)
 <LI><a href="#[b6]">mqtt_business_task</a> from mqtt_business_task.o(.text.mqtt_business_task) referenced 2 times from user_task.o(.text.user_task_create)
 <LI><a href="#[b1]">mqtt_client_urc_cb</a> from mqtt_client.o(.text.mqtt_client_urc_cb) referenced 2 times from mqtt_client.o(.text.mqtt_client_init)
 <LI><a href="#[b0]">mqtt_demo_msg_rcv_cb</a> from mqtt_business_task.o(.text.mqtt_demo_msg_rcv_cb) referenced 2 times from mqtt_business_task.o(.text.mqtt_business_task)
 <LI><a href="#[a2]">multibutton_task</a> from button_task.o(.text.multibutton_task) referenced 2 times from button_task.o(.text.ButtonDevTaskCreate)
 <LI><a href="#[aa]">my_task01_func</a> from freertos_app.o(.text.my_task01_func) referenced 2 times from freertos_app.o(.text.freertos_task_create)
 <LI><a href="#[bd]">ota_task</a> from ota_mcu.o(.text.ota_task) referenced 2 times from user_task.o(.text.user_task_create)
 <LI><a href="#[ab]">process_http_rcv_msg</a> from http_client.o(.text.process_http_rcv_msg) referenced 2 times from http_client.o(.text.http_client_get_file_range)
 <LI><a href="#[c4]">prvIdleTask</a> from tasks.o(.text.prvIdleTask) referenced 2 times from tasks.o(.text.vTaskStartScheduler)
 <LI><a href="#[b5]">prvTaskExitError</a> from include_port.o(.text.prvTaskExitError) referenced 2 times from include_port.o(.text.pxPortInitialiseStack)
 <LI><a href="#[c5]">prvTimerTask</a> from timers.o(.text.prvTimerTask) referenced 2 times from timers.o(.text.xTimerCreateTimerTask)
 <LI><a href="#[32]">rea_external_sensor_id</a> from modbus_operation.o(.text.rea_external_sensor_id) referenced 2 times from modbus_operation.o(.data.operations)
 <LI><a href="#[17]">read_bt_mac</a> from modbus_operation.o(.text.read_bt_mac) referenced 2 times from modbus_operation.o(.data.operations)
 <LI><a href="#[19]">read_bt_name</a> from modbus_operation.o(.text.read_bt_name) referenced 2 times from modbus_operation.o(.data.operations)
 <LI><a href="#[16]">read_bt_version</a> from modbus_operation.o(.text.read_bt_version) referenced 2 times from modbus_operation.o(.data.operations)
 <LI><a href="#[1]">read_button_gpio</a> from modbus_operation.o(.text.read_button_gpio) referenced 2 times from modbus_operation.o(.data.operations)
 <LI><a href="#[36]">read_compile_time</a> from modbus_operation.o(.text.read_compile_time) referenced 2 times from modbus_operation.o(.data.operations)
 <LI><a href="#[0]">read_external_pressure_value</a> from modbus_operation.o(.text.read_external_pressure_value) referenced 2 times from modbus_operation.o(.data.operations)
 <LI><a href="#[c0]">read_factory_th</a> from user_task.o(.text.read_factory_th) referenced 2 times from user_task.o(.text.user_task_create)
 <LI><a href="#[c1]">read_factory_tick</a> from user_task.o(.text.read_factory_tick) referenced 2 times from user_task.o(.text.user_task_create)
 <LI><a href="#[24]">read_firwmare_version</a> from modbus_operation.o(.text.read_firwmare_version) referenced 2 times from modbus_operation.o(.data.operations)
 <LI><a href="#[2b]">read_last_warning</a> from modbus_operation.o(.text.read_last_warning) referenced 2 times from modbus_operation.o(.data.operations)
 <LI><a href="#[2]">read_led_one</a> from modbus_operation.o(.text.read_led_one) referenced 2 times from modbus_operation.o(.data.operations)
 <LI><a href="#[6]">read_led_three</a> from modbus_operation.o(.text.read_led_three) referenced 2 times from modbus_operation.o(.data.operations)
 <LI><a href="#[4]">read_led_two</a> from modbus_operation.o(.text.read_led_two) referenced 2 times from modbus_operation.o(.data.operations)
 <LI><a href="#[2f]">read_log_data</a> from modbus_operation.o(.text.read_log_data) referenced 2 times from modbus_operation.o(.data.operations)
 <LI><a href="#[37]">read_log_data_with_index</a> from modbus_operation.o(.text.read_log_data_with_index) referenced 2 times from modbus_operation.o(.data.operations)
 <LI><a href="#[2e]">read_log_group_info</a> from modbus_operation.o(.text.read_log_group_info) referenced 2 times from modbus_operation.o(.data.operations)
 <LI><a href="#[35]">read_mcu_temp</a> from modbus_operation.o(.text.read_mcu_temp) referenced 2 times from modbus_operation.o(.data.operations)
 <LI><a href="#[40]">read_modbus_address</a> from modbus_operation.o(.text.read_modbus_address) referenced 2 times from modbus_operation.o(.data.operations)
 <LI><a href="#[13]">read_module_imei</a> from modbus_operation.o(.text.read_module_imei) referenced 2 times from modbus_operation.o(.data.operations)
 <LI><a href="#[14]">read_module_ip</a> from modbus_operation.o(.text.read_module_ip) referenced 2 times from modbus_operation.o(.data.operations)
 <LI><a href="#[f]">read_module_model</a> from modbus_operation.o(.text.read_module_model) referenced 2 times from modbus_operation.o(.data.operations)
 <LI><a href="#[12]">read_module_sim_status</a> from modbus_operation.o(.text.read_module_sim_status) referenced 2 times from modbus_operation.o(.data.operations)
 <LI><a href="#[11]">read_module_single</a> from modbus_operation.o(.text.read_module_single) referenced 2 times from modbus_operation.o(.data.operations)
 <LI><a href="#[10]">read_module_version</a> from modbus_operation.o(.text.read_module_version) referenced 2 times from modbus_operation.o(.data.operations)
 <LI><a href="#[c]">read_post_pressure_standard_value</a> from modbus_operation.o(.text.read_post_pressure_standard_value) referenced 2 times from modbus_operation.o(.data.operations)
 <LI><a href="#[b]">read_post_pressure_value</a> from modbus_operation.o(.text.read_post_pressure_value) referenced 2 times from modbus_operation.o(.data.operations)
 <LI><a href="#[34]">read_post_sensor_id</a> from modbus_operation.o(.text.read_post_sensor_id) referenced 2 times from modbus_operation.o(.data.operations)
 <LI><a href="#[26]">read_power_adc</a> from modbus_operation.o(.text.read_power_adc) referenced 2 times from modbus_operation.o(.data.operations)
 <LI><a href="#[31]">read_power_adc2</a> from modbus_operation.o(.text.read_power_adc2) referenced 2 times from modbus_operation.o(.data.operations)
 <LI><a href="#[9]">read_pre_pressure_standard_value</a> from modbus_operation.o(.text.read_pre_pressure_standard_value) referenced 2 times from modbus_operation.o(.data.operations)
 <LI><a href="#[8]">read_pre_pressure_value</a> from modbus_operation.o(.text.read_pre_pressure_value) referenced 2 times from modbus_operation.o(.data.operations)
 <LI><a href="#[33]">read_pre_sensor_id</a> from modbus_operation.o(.text.read_pre_sensor_id) referenced 2 times from modbus_operation.o(.data.operations)
 <LI><a href="#[27]">read_reed_switch_gpio</a> from modbus_operation.o(.text.read_reed_switch_gpio) referenced 2 times from modbus_operation.o(.data.operations)
 <LI><a href="#[22]">read_server_passwd</a> from modbus_operation.o(.text.read_server_passwd) referenced 2 times from modbus_operation.o(.data.operations)
 <LI><a href="#[20]">read_server_url</a> from modbus_operation.o(.text.read_server_url) referenced 2 times from modbus_operation.o(.data.operations)
 <LI><a href="#[25]">read_sim_iccid</a> from modbus_operation.o(.text.read_sim_iccid) referenced 2 times from modbus_operation.o(.data.operations)
 <LI><a href="#[29]">read_sn_2_number</a> from modbus_operation.o(.text.read_sn_2_number) referenced 2 times from modbus_operation.o(.data.operations)
 <LI><a href="#[1e]">read_sn_number</a> from modbus_operation.o(.text.read_sn_number) referenced 2 times from modbus_operation.o(.data.operations)
 <LI><a href="#[e]">read_spi_flash_id</a> from modbus_operation.o(.text.read_spi_flash_id) referenced 2 times from modbus_operation.o(.data.operations)
 <LI><a href="#[1c]">read_valve_control_gpio</a> from modbus_operation.o(.text.read_valve_control_gpio) referenced 2 times from modbus_operation.o(.data.operations)
 <LI><a href="#[3e]">send_bt_firwmare</a> from modbus_operation.o(.text.send_bt_firwmare) referenced 2 times from modbus_operation.o(.data.operations)
 <LI><a href="#[3a]">send_mcu_firwmare</a> from modbus_operation.o(.text.send_mcu_firwmare) referenced 2 times from modbus_operation.o(.data.operations)
 <LI><a href="#[28]">send_module_at_cmd</a> from modbus_operation.o(.text.send_module_at_cmd) referenced 2 times from modbus_operation.o(.data.operations)
 <LI><a href="#[3c]">send_module_firwmare</a> from modbus_operation.o(.text.send_module_firwmare) referenced 2 times from modbus_operation.o(.data.operations)
 <LI><a href="#[3f]">start_bt_upgrade</a> from modbus_operation.o(.text.start_bt_upgrade) referenced 2 times from modbus_operation.o(.data.operations)
 <LI><a href="#[3b]">start_mcu_upgrade</a> from modbus_operation.o(.text.start_mcu_upgrade) referenced 2 times from modbus_operation.o(.data.operations)
 <LI><a href="#[3d]">start_module_upgrade</a> from modbus_operation.o(.text.start_module_upgrade) referenced 2 times from modbus_operation.o(.data.operations)
 <LI><a href="#[39]">unlock_mdbus_write</a> from modbus_operation.o(.text.unlock_mdbus_write) referenced 2 times from modbus_operation.o(.data.operations)
 <LI><a href="#[b8]">valva_control_task</a> from user_task.o(.text.valva_control_task) referenced 2 times from user_task.o(.text.user_task_create)
 <LI><a href="#[bc]">watchdog_task</a> from user_task.o(.text.watchdog_task) referenced 2 times from user_task.o(.text.user_task_create)
 <LI><a href="#[18]">write_bt_mac</a> from modbus_operation.o(.text.write_bt_mac) referenced 2 times from modbus_operation.o(.data.operations)
 <LI><a href="#[1a]">write_bt_name</a> from modbus_operation.o(.text.write_bt_name) referenced 2 times from modbus_operation.o(.data.operations)
 <LI><a href="#[1b]">write_bt_reboot</a> from modbus_operation.o(.text.write_bt_reboot) referenced 2 times from modbus_operation.o(.data.operations)
 <LI><a href="#[bf]">write_factory_th</a> from user_task.o(.text.write_factory_th) referenced 2 times from user_task.o(.text.user_task_create)
 <LI><a href="#[3]">write_led_one</a> from modbus_operation.o(.text.write_led_one) referenced 2 times from modbus_operation.o(.data.operations)
 <LI><a href="#[7]">write_led_three</a> from modbus_operation.o(.text.write_led_three) referenced 2 times from modbus_operation.o(.data.operations)
 <LI><a href="#[5]">write_led_two</a> from modbus_operation.o(.text.write_led_two) referenced 2 times from modbus_operation.o(.data.operations)
 <LI><a href="#[15]">write_module_reboot</a> from modbus_operation.o(.text.write_module_reboot) referenced 2 times from modbus_operation.o(.data.operations)
 <LI><a href="#[d]">write_post_pressure_standard_value</a> from modbus_operation.o(.text.write_post_pressure_standard_value) referenced 2 times from modbus_operation.o(.data.operations)
 <LI><a href="#[a]">write_pre_pressure_standard_value</a> from modbus_operation.o(.text.write_pre_pressure_standard_value) referenced 2 times from modbus_operation.o(.data.operations)
 <LI><a href="#[23]">write_server_passwd</a> from modbus_operation.o(.text.write_server_passwd) referenced 2 times from modbus_operation.o(.data.operations)
 <LI><a href="#[21]">write_server_url</a> from modbus_operation.o(.text.write_server_url) referenced 2 times from modbus_operation.o(.data.operations)
 <LI><a href="#[2a]">write_sn_2_number</a> from modbus_operation.o(.text.write_sn_2_number) referenced 2 times from modbus_operation.o(.data.operations)
 <LI><a href="#[1f]">write_sn_number</a> from modbus_operation.o(.text.write_sn_number) referenced 2 times from modbus_operation.o(.data.operations)
 <LI><a href="#[1d]">write_valve_control_gpio</a> from modbus_operation.o(.text.write_valve_control_gpio) referenced 2 times from modbus_operation.o(.data.operations)
</UL>
<P>
<H3>
Global Symbols
</H3>
<P><STRONG><a name="[99]"></a>__main</STRONG> (Thumb, 8 bytes, Stack size 0 bytes, __main.o(!!!main))
<BR><BR>[Calls]<UL><LI><a href="#[cb]">&gt;&gt;</a>&nbsp;&nbsp;&nbsp;__rt_entry
<LI><a href="#[ca]">&gt;&gt;</a>&nbsp;&nbsp;&nbsp;__scatterload
</UL>
<BR>[Address Reference Count : 1]<UL><LI> startup_at32f403a_407.o(.text)
</UL>
<P><STRONG><a name="[ca]"></a>__scatterload</STRONG> (Thumb, 0 bytes, Stack size unknown bytes, __scatter.o(!!!scatter))
<BR><BR>[Called By]<UL><LI><a href="#[99]">&gt;&gt;</a>&nbsp;&nbsp;&nbsp;__main
</UL>

<P><STRONG><a name="[cc]"></a>__scatterload_rt2</STRONG> (Thumb, 84 bytes, Stack size unknown bytes, __scatter.o(!!!scatter), UNUSED)
<BR><BR>[Calls]<UL><LI><a href="#[cb]">&gt;&gt;</a>&nbsp;&nbsp;&nbsp;__rt_entry
</UL>

<P><STRONG><a name="[3b5]"></a>__scatterload_rt2_thumb_only</STRONG> (Thumb, 0 bytes, Stack size unknown bytes, __scatter.o(!!!scatter), UNUSED)

<P><STRONG><a name="[3b6]"></a>__scatterload_loop</STRONG> (Thumb, 0 bytes, Stack size unknown bytes, __scatter.o(!!!scatter), UNUSED)

<P><STRONG><a name="[3b7]"></a>__decompress</STRONG> (Thumb, 90 bytes, Stack size unknown bytes, __dczerorl2.o(!!dczerorl2), UNUSED)

<P><STRONG><a name="[3b8]"></a>__decompress1</STRONG> (Thumb, 0 bytes, Stack size unknown bytes, __dczerorl2.o(!!dczerorl2), UNUSED)

<P><STRONG><a name="[3b9]"></a>__scatterload_null</STRONG> (Thumb, 2 bytes, Stack size unknown bytes, __scatter.o(!!handler_null), UNUSED)

<P><STRONG><a name="[3ba]"></a>__scatterload_zeroinit</STRONG> (Thumb, 28 bytes, Stack size unknown bytes, __scatter_zi.o(!!handler_zi), UNUSED)

<P><STRONG><a name="[cd]"></a>_printf_n</STRONG> (Thumb, 0 bytes, Stack size unknown bytes, _printf_n.o(.ARM.Collect$$_printf_percent$$00000001))
<BR><BR>[Calls]<UL><LI><a href="#[ce]">&gt;&gt;</a>&nbsp;&nbsp;&nbsp;_printf_charcount
</UL>

<P><STRONG><a name="[135]"></a>_printf_percent</STRONG> (Thumb, 0 bytes, Stack size unknown bytes, _printf_percent.o(.ARM.Collect$$_printf_percent$$00000000))
<BR><BR>[Called By]<UL><LI><a href="#[12e]">&gt;&gt;</a>&nbsp;&nbsp;&nbsp;__printf
</UL>

<P><STRONG><a name="[cf]"></a>_printf_p</STRONG> (Thumb, 0 bytes, Stack size unknown bytes, _printf_p.o(.ARM.Collect$$_printf_percent$$00000002))
<BR><BR>[Stack]<UL><LI>Max Depth = 64 + Unknown Stack Size
<LI>Call Chain = _printf_p &rArr; _printf_hex_ptr &rArr; _printf_longlong_hex &rArr; _printf_int_common &rArr; _printf_post_padding
</UL>
<BR>[Calls]<UL><LI><a href="#[d0]">&gt;&gt;</a>&nbsp;&nbsp;&nbsp;_printf_hex_ptr
</UL>

<P><STRONG><a name="[d1]"></a>_printf_f</STRONG> (Thumb, 0 bytes, Stack size unknown bytes, _printf_f.o(.ARM.Collect$$_printf_percent$$00000003))
<BR><BR>[Stack]<UL><LI>Max Depth = 324 + Unknown Stack Size
<LI>Call Chain = _printf_f &rArr; _printf_fp_dec &rArr; _printf_fp_dec_real &rArr; _fp_digits &rArr; _btod_etento &rArr; _btod_emul &rArr; _e2e
</UL>
<BR>[Calls]<UL><LI><a href="#[d2]">&gt;&gt;</a>&nbsp;&nbsp;&nbsp;_printf_fp_dec
</UL>

<P><STRONG><a name="[d3]"></a>_printf_e</STRONG> (Thumb, 0 bytes, Stack size unknown bytes, _printf_e.o(.ARM.Collect$$_printf_percent$$00000004))
<BR><BR>[Stack]<UL><LI>Max Depth = 324 + Unknown Stack Size
<LI>Call Chain = _printf_e &rArr; _printf_fp_dec &rArr; _printf_fp_dec_real &rArr; _fp_digits &rArr; _btod_etento &rArr; _btod_emul &rArr; _e2e
</UL>
<BR>[Calls]<UL><LI><a href="#[d2]">&gt;&gt;</a>&nbsp;&nbsp;&nbsp;_printf_fp_dec
</UL>

<P><STRONG><a name="[d4]"></a>_printf_g</STRONG> (Thumb, 0 bytes, Stack size unknown bytes, _printf_g.o(.ARM.Collect$$_printf_percent$$00000005))
<BR><BR>[Stack]<UL><LI>Max Depth = 324 + Unknown Stack Size
<LI>Call Chain = _printf_g &rArr; _printf_fp_dec &rArr; _printf_fp_dec_real &rArr; _fp_digits &rArr; _btod_etento &rArr; _btod_emul &rArr; _e2e
</UL>
<BR>[Calls]<UL><LI><a href="#[d2]">&gt;&gt;</a>&nbsp;&nbsp;&nbsp;_printf_fp_dec
</UL>

<P><STRONG><a name="[d5]"></a>_printf_a</STRONG> (Thumb, 0 bytes, Stack size unknown bytes, _printf_a.o(.ARM.Collect$$_printf_percent$$00000006))
<BR><BR>[Stack]<UL><LI>Max Depth = 112 + Unknown Stack Size
<LI>Call Chain = _printf_a &rArr; _printf_fp_hex &rArr; _printf_fp_hex_real &rArr; _printf_fp_infnan &rArr; _printf_post_padding
</UL>
<BR>[Calls]<UL><LI><a href="#[d6]">&gt;&gt;</a>&nbsp;&nbsp;&nbsp;_printf_fp_hex
</UL>

<P><STRONG><a name="[3bb]"></a>_printf_ll</STRONG> (Thumb, 0 bytes, Stack size unknown bytes, _printf_ll.o(.ARM.Collect$$_printf_percent$$00000007))

<P><STRONG><a name="[d7]"></a>_printf_i</STRONG> (Thumb, 0 bytes, Stack size unknown bytes, _printf_i.o(.ARM.Collect$$_printf_percent$$00000008))
<BR><BR>[Stack]<UL><LI>Max Depth = 72 + Unknown Stack Size
<LI>Call Chain = _printf_i &rArr; _printf_int_dec &rArr; _printf_int_common &rArr; _printf_post_padding
</UL>
<BR>[Calls]<UL><LI><a href="#[d8]">&gt;&gt;</a>&nbsp;&nbsp;&nbsp;_printf_int_dec
</UL>

<P><STRONG><a name="[d9]"></a>_printf_d</STRONG> (Thumb, 0 bytes, Stack size unknown bytes, _printf_d.o(.ARM.Collect$$_printf_percent$$00000009))
<BR><BR>[Stack]<UL><LI>Max Depth = 72 + Unknown Stack Size
<LI>Call Chain = _printf_d &rArr; _printf_int_dec &rArr; _printf_int_common &rArr; _printf_post_padding
</UL>
<BR>[Calls]<UL><LI><a href="#[d8]">&gt;&gt;</a>&nbsp;&nbsp;&nbsp;_printf_int_dec
</UL>

<P><STRONG><a name="[da]"></a>_printf_u</STRONG> (Thumb, 0 bytes, Stack size unknown bytes, _printf_u.o(.ARM.Collect$$_printf_percent$$0000000A))
<BR><BR>[Stack]<UL><LI>Max Depth = 72 + Unknown Stack Size
<LI>Call Chain = _printf_u &rArr; _printf_int_dec &rArr; _printf_int_common &rArr; _printf_post_padding
</UL>
<BR>[Calls]<UL><LI><a href="#[d8]">&gt;&gt;</a>&nbsp;&nbsp;&nbsp;_printf_int_dec
</UL>

<P><STRONG><a name="[db]"></a>_printf_o</STRONG> (Thumb, 0 bytes, Stack size unknown bytes, _printf_o.o(.ARM.Collect$$_printf_percent$$0000000B))
<BR><BR>[Stack]<UL><LI>Max Depth = 64 + Unknown Stack Size
<LI>Call Chain = _printf_o &rArr; _printf_int_oct &rArr; _printf_longlong_oct &rArr; _printf_int_common &rArr; _printf_post_padding
</UL>
<BR>[Calls]<UL><LI><a href="#[dc]">&gt;&gt;</a>&nbsp;&nbsp;&nbsp;_printf_int_oct
</UL>

<P><STRONG><a name="[dd]"></a>_printf_x</STRONG> (Thumb, 0 bytes, Stack size unknown bytes, _printf_x.o(.ARM.Collect$$_printf_percent$$0000000C))
<BR><BR>[Stack]<UL><LI>Max Depth = 80 + Unknown Stack Size
<LI>Call Chain = _printf_x &rArr; _printf_int_hex &rArr; _printf_longlong_hex &rArr; _printf_int_common &rArr; _printf_post_padding
</UL>
<BR>[Calls]<UL><LI><a href="#[de]">&gt;&gt;</a>&nbsp;&nbsp;&nbsp;_printf_int_hex
</UL>

<P><STRONG><a name="[df]"></a>_printf_lli</STRONG> (Thumb, 0 bytes, Stack size unknown bytes, _printf_lli.o(.ARM.Collect$$_printf_percent$$0000000D))
<BR><BR>[Stack]<UL><LI>Max Depth = 72 + Unknown Stack Size
<LI>Call Chain = _printf_lli &rArr; _printf_longlong_dec &rArr; _printf_int_common &rArr; _printf_post_padding
</UL>
<BR>[Calls]<UL><LI><a href="#[e0]">&gt;&gt;</a>&nbsp;&nbsp;&nbsp;_printf_longlong_dec
</UL>

<P><STRONG><a name="[e1]"></a>_printf_lld</STRONG> (Thumb, 0 bytes, Stack size unknown bytes, _printf_lld.o(.ARM.Collect$$_printf_percent$$0000000E))
<BR><BR>[Stack]<UL><LI>Max Depth = 72 + Unknown Stack Size
<LI>Call Chain = _printf_lld &rArr; _printf_longlong_dec &rArr; _printf_int_common &rArr; _printf_post_padding
</UL>
<BR>[Calls]<UL><LI><a href="#[e0]">&gt;&gt;</a>&nbsp;&nbsp;&nbsp;_printf_longlong_dec
</UL>

<P><STRONG><a name="[e2]"></a>_printf_llu</STRONG> (Thumb, 0 bytes, Stack size unknown bytes, _printf_llu.o(.ARM.Collect$$_printf_percent$$0000000F))
<BR><BR>[Stack]<UL><LI>Max Depth = 72 + Unknown Stack Size
<LI>Call Chain = _printf_llu &rArr; _printf_longlong_dec &rArr; _printf_int_common &rArr; _printf_post_padding
</UL>
<BR>[Calls]<UL><LI><a href="#[e0]">&gt;&gt;</a>&nbsp;&nbsp;&nbsp;_printf_longlong_dec
</UL>

<P><STRONG><a name="[e3]"></a>_printf_llo</STRONG> (Thumb, 0 bytes, Stack size unknown bytes, _printf_llo.o(.ARM.Collect$$_printf_percent$$00000010))
<BR><BR>[Stack]<UL><LI>Max Depth = 56 + Unknown Stack Size
<LI>Call Chain = _printf_llo &rArr; _printf_ll_oct &rArr; _printf_longlong_oct &rArr; _printf_int_common &rArr; _printf_post_padding
</UL>
<BR>[Calls]<UL><LI><a href="#[e4]">&gt;&gt;</a>&nbsp;&nbsp;&nbsp;_printf_ll_oct
</UL>

<P><STRONG><a name="[e5]"></a>_printf_llx</STRONG> (Thumb, 0 bytes, Stack size unknown bytes, _printf_llx.o(.ARM.Collect$$_printf_percent$$00000011))
<BR><BR>[Stack]<UL><LI>Max Depth = 64 + Unknown Stack Size
<LI>Call Chain = _printf_llx &rArr; _printf_ll_hex &rArr; _printf_longlong_hex &rArr; _printf_int_common &rArr; _printf_post_padding
</UL>
<BR>[Calls]<UL><LI><a href="#[e6]">&gt;&gt;</a>&nbsp;&nbsp;&nbsp;_printf_ll_hex
</UL>

<P><STRONG><a name="[3bc]"></a>_printf_l</STRONG> (Thumb, 0 bytes, Stack size unknown bytes, _printf_l.o(.ARM.Collect$$_printf_percent$$00000012))

<P><STRONG><a name="[e7]"></a>_printf_c</STRONG> (Thumb, 0 bytes, Stack size unknown bytes, _printf_c.o(.ARM.Collect$$_printf_percent$$00000013))
<BR><BR>[Stack]<UL><LI>Max Depth = 40 + Unknown Stack Size
<LI>Call Chain = _printf_c &rArr; _printf_char &rArr; _printf_cs_common &rArr; _printf_str &rArr; _printf_post_padding
</UL>
<BR>[Calls]<UL><LI><a href="#[e8]">&gt;&gt;</a>&nbsp;&nbsp;&nbsp;_printf_char
</UL>

<P><STRONG><a name="[e9]"></a>_printf_s</STRONG> (Thumb, 0 bytes, Stack size unknown bytes, _printf_s.o(.ARM.Collect$$_printf_percent$$00000014))
<BR><BR>[Stack]<UL><LI>Max Depth = 40 + Unknown Stack Size
<LI>Call Chain = _printf_s &rArr; _printf_string &rArr; _printf_cs_common &rArr; _printf_str &rArr; _printf_post_padding
</UL>
<BR>[Calls]<UL><LI><a href="#[ea]">&gt;&gt;</a>&nbsp;&nbsp;&nbsp;_printf_string
</UL>

<P><STRONG><a name="[eb]"></a>_printf_lc</STRONG> (Thumb, 0 bytes, Stack size unknown bytes, _printf_lc.o(.ARM.Collect$$_printf_percent$$00000015))
<BR><BR>[Stack]<UL><LI>Max Depth = 88 + Unknown Stack Size
<LI>Call Chain = _printf_lc &rArr; _printf_wchar &rArr; _printf_lcs_common &rArr; _printf_wctomb &rArr; _wcrtomb
</UL>
<BR>[Calls]<UL><LI><a href="#[ec]">&gt;&gt;</a>&nbsp;&nbsp;&nbsp;_printf_wchar
</UL>

<P><STRONG><a name="[ed]"></a>_printf_ls</STRONG> (Thumb, 0 bytes, Stack size unknown bytes, _printf_ls.o(.ARM.Collect$$_printf_percent$$00000016))
<BR><BR>[Stack]<UL><LI>Max Depth = 88 + Unknown Stack Size
<LI>Call Chain = _printf_ls &rArr; _printf_wstring &rArr; _printf_lcs_common &rArr; _printf_wctomb &rArr; _wcrtomb
</UL>
<BR>[Calls]<UL><LI><a href="#[ee]">&gt;&gt;</a>&nbsp;&nbsp;&nbsp;_printf_wstring
</UL>

<P><STRONG><a name="[3bd]"></a>_printf_percent_end</STRONG> (Thumb, 0 bytes, Stack size unknown bytes, _printf_percent_end.o(.ARM.Collect$$_printf_percent$$00000017))

<P><STRONG><a name="[fb]"></a>__rt_lib_init</STRONG> (Thumb, 0 bytes, Stack size unknown bytes, libinit.o(.ARM.Collect$$libinit$$00000000))
<BR><BR>[Called By]<UL><LI><a href="#[fa]">&gt;&gt;</a>&nbsp;&nbsp;&nbsp;__rt_entry_li
</UL>

<P><STRONG><a name="[ef]"></a>__rt_lib_init_fp_1</STRONG> (Thumb, 0 bytes, Stack size unknown bytes, libinit2.o(.ARM.Collect$$libinit$$00000001))
<BR><BR>[Calls]<UL><LI><a href="#[f0]">&gt;&gt;</a>&nbsp;&nbsp;&nbsp;_fp_init
</UL>

<P><STRONG><a name="[f1]"></a>__rt_lib_init_heap_2</STRONG> (Thumb, 0 bytes, Stack size unknown bytes, libinit2.o(.ARM.Collect$$libinit$$00000007))
<BR><BR>[Stack]<UL><LI>Max Depth = 64 + Unknown Stack Size
<LI>Call Chain = __rt_lib_init_heap_2 &rArr; _init_alloc &rArr; __rt_SIGRTMEM &rArr; __rt_SIGRTMEM_inner &rArr; __default_signal_display &rArr; _ttywrch
</UL>
<BR>[Calls]<UL><LI><a href="#[f2]">&gt;&gt;</a>&nbsp;&nbsp;&nbsp;_init_alloc
</UL>

<P><STRONG><a name="[3be]"></a>__rt_lib_init_preinit_1</STRONG> (Thumb, 0 bytes, Stack size unknown bytes, libinit2.o(.ARM.Collect$$libinit$$00000006))

<P><STRONG><a name="[3bf]"></a>__rt_lib_init_relocate_pie_1</STRONG> (Thumb, 0 bytes, Stack size unknown bytes, libinit2.o(.ARM.Collect$$libinit$$00000004))

<P><STRONG><a name="[3c0]"></a>__rt_lib_init_heap_1</STRONG> (Thumb, 0 bytes, Stack size unknown bytes, libinit2.o(.ARM.Collect$$libinit$$0000000C))

<P><STRONG><a name="[f3]"></a>__rt_lib_init_lc_common</STRONG> (Thumb, 0 bytes, Stack size unknown bytes, libinit2.o(.ARM.Collect$$libinit$$00000011))
<BR><BR>[Calls]<UL><LI><a href="#[f4]">&gt;&gt;</a>&nbsp;&nbsp;&nbsp;__rt_locale
</UL>

<P><STRONG><a name="[3c1]"></a>__rt_lib_init_rand_1</STRONG> (Thumb, 0 bytes, Stack size unknown bytes, libinit2.o(.ARM.Collect$$libinit$$00000010))

<P><STRONG><a name="[3c2]"></a>__rt_lib_init_user_alloc_1</STRONG> (Thumb, 0 bytes, Stack size unknown bytes, libinit2.o(.ARM.Collect$$libinit$$0000000E))

<P><STRONG><a name="[3c3]"></a>__rt_lib_init_lc_collate_1</STRONG> (Thumb, 0 bytes, Stack size unknown bytes, libinit2.o(.ARM.Collect$$libinit$$00000013))

<P><STRONG><a name="[f5]"></a>__rt_lib_init_lc_ctype_2</STRONG> (Thumb, 0 bytes, Stack size unknown bytes, libinit2.o(.ARM.Collect$$libinit$$00000014))
<BR><BR>[Stack]<UL><LI>Max Depth = 16 + Unknown Stack Size
<LI>Call Chain = __rt_lib_init_lc_ctype_2 &rArr; _get_lc_ctype &rArr; strcmp
</UL>
<BR>[Calls]<UL><LI><a href="#[9a]">&gt;&gt;</a>&nbsp;&nbsp;&nbsp;_get_lc_ctype
</UL>

<P><STRONG><a name="[3c4]"></a>__rt_lib_init_lc_ctype_1</STRONG> (Thumb, 0 bytes, Stack size unknown bytes, libinit2.o(.ARM.Collect$$libinit$$00000015))

<P><STRONG><a name="[3c5]"></a>__rt_lib_init_lc_monetary_1</STRONG> (Thumb, 0 bytes, Stack size unknown bytes, libinit2.o(.ARM.Collect$$libinit$$00000017))

<P><STRONG><a name="[f6]"></a>__rt_lib_init_lc_numeric_2</STRONG> (Thumb, 0 bytes, Stack size unknown bytes, libinit2.o(.ARM.Collect$$libinit$$00000018))
<BR><BR>[Stack]<UL><LI>Max Depth = 16 + Unknown Stack Size
<LI>Call Chain = __rt_lib_init_lc_numeric_2 &rArr; _get_lc_numeric &rArr; strcmp
</UL>
<BR>[Calls]<UL><LI><a href="#[f7]">&gt;&gt;</a>&nbsp;&nbsp;&nbsp;_get_lc_numeric
</UL>

<P><STRONG><a name="[3c6]"></a>__rt_lib_init_alloca_1</STRONG> (Thumb, 0 bytes, Stack size unknown bytes, libinit2.o(.ARM.Collect$$libinit$$00000030))

<P><STRONG><a name="[3c7]"></a>__rt_lib_init_argv_1</STRONG> (Thumb, 0 bytes, Stack size unknown bytes, libinit2.o(.ARM.Collect$$libinit$$0000002E))

<P><STRONG><a name="[3c8]"></a>__rt_lib_init_atexit_1</STRONG> (Thumb, 0 bytes, Stack size unknown bytes, libinit2.o(.ARM.Collect$$libinit$$0000001D))

<P><STRONG><a name="[3c9]"></a>__rt_lib_init_clock_1</STRONG> (Thumb, 0 bytes, Stack size unknown bytes, libinit2.o(.ARM.Collect$$libinit$$00000023))

<P><STRONG><a name="[3ca]"></a>__rt_lib_init_cpp_1</STRONG> (Thumb, 0 bytes, Stack size unknown bytes, libinit2.o(.ARM.Collect$$libinit$$00000034))

<P><STRONG><a name="[3cb]"></a>__rt_lib_init_exceptions_1</STRONG> (Thumb, 0 bytes, Stack size unknown bytes, libinit2.o(.ARM.Collect$$libinit$$00000032))

<P><STRONG><a name="[3cc]"></a>__rt_lib_init_fp_trap_1</STRONG> (Thumb, 0 bytes, Stack size unknown bytes, libinit2.o(.ARM.Collect$$libinit$$00000021))

<P><STRONG><a name="[3cd]"></a>__rt_lib_init_getenv_1</STRONG> (Thumb, 0 bytes, Stack size unknown bytes, libinit2.o(.ARM.Collect$$libinit$$00000025))

<P><STRONG><a name="[3ce]"></a>__rt_lib_init_lc_numeric_1</STRONG> (Thumb, 0 bytes, Stack size unknown bytes, libinit2.o(.ARM.Collect$$libinit$$00000019))

<P><STRONG><a name="[3cf]"></a>__rt_lib_init_lc_time_1</STRONG> (Thumb, 0 bytes, Stack size unknown bytes, libinit2.o(.ARM.Collect$$libinit$$0000001B))

<P><STRONG><a name="[3d0]"></a>__rt_lib_init_return</STRONG> (Thumb, 0 bytes, Stack size unknown bytes, libinit2.o(.ARM.Collect$$libinit$$00000035))

<P><STRONG><a name="[3d1]"></a>__rt_lib_init_signal_1</STRONG> (Thumb, 0 bytes, Stack size unknown bytes, libinit2.o(.ARM.Collect$$libinit$$0000001F))

<P><STRONG><a name="[3d2]"></a>__rt_lib_init_stdio_1</STRONG> (Thumb, 0 bytes, Stack size unknown bytes, libinit2.o(.ARM.Collect$$libinit$$00000027))

<P><STRONG><a name="[100]"></a>__rt_lib_shutdown</STRONG> (Thumb, 0 bytes, Stack size unknown bytes, libshutdown.o(.ARM.Collect$$libshutdown$$00000000))
<BR><BR>[Called By]<UL><LI><a href="#[ff]">&gt;&gt;</a>&nbsp;&nbsp;&nbsp;__rt_exit_ls
</UL>

<P><STRONG><a name="[3d3]"></a>__rt_lib_shutdown_cpp_1</STRONG> (Thumb, 0 bytes, Stack size unknown bytes, libshutdown2.o(.ARM.Collect$$libshutdown$$00000002))

<P><STRONG><a name="[3d4]"></a>__rt_lib_shutdown_fp_trap_1</STRONG> (Thumb, 0 bytes, Stack size unknown bytes, libshutdown2.o(.ARM.Collect$$libshutdown$$00000007))

<P><STRONG><a name="[3d5]"></a>__rt_lib_shutdown_heap_1</STRONG> (Thumb, 0 bytes, Stack size unknown bytes, libshutdown2.o(.ARM.Collect$$libshutdown$$0000000F))

<P><STRONG><a name="[3d6]"></a>__rt_lib_shutdown_return</STRONG> (Thumb, 0 bytes, Stack size unknown bytes, libshutdown2.o(.ARM.Collect$$libshutdown$$00000010))

<P><STRONG><a name="[3d7]"></a>__rt_lib_shutdown_signal_1</STRONG> (Thumb, 0 bytes, Stack size unknown bytes, libshutdown2.o(.ARM.Collect$$libshutdown$$0000000A))

<P><STRONG><a name="[3d8]"></a>__rt_lib_shutdown_stdio_1</STRONG> (Thumb, 0 bytes, Stack size unknown bytes, libshutdown2.o(.ARM.Collect$$libshutdown$$00000004))

<P><STRONG><a name="[3d9]"></a>__rt_lib_shutdown_user_alloc_1</STRONG> (Thumb, 0 bytes, Stack size unknown bytes, libshutdown2.o(.ARM.Collect$$libshutdown$$0000000C))

<P><STRONG><a name="[cb]"></a>__rt_entry</STRONG> (Thumb, 0 bytes, Stack size unknown bytes, __rtentry.o(.ARM.Collect$$rtentry$$00000000))
<BR><BR>[Called By]<UL><LI><a href="#[99]">&gt;&gt;</a>&nbsp;&nbsp;&nbsp;__main
<LI><a href="#[cc]">&gt;&gt;</a>&nbsp;&nbsp;&nbsp;__scatterload_rt2
</UL>

<P><STRONG><a name="[3da]"></a>__rt_entry_presh_1</STRONG> (Thumb, 0 bytes, Stack size unknown bytes, __rtentry2.o(.ARM.Collect$$rtentry$$00000002))

<P><STRONG><a name="[f8]"></a>__rt_entry_sh</STRONG> (Thumb, 0 bytes, Stack size unknown bytes, __rtentry4.o(.ARM.Collect$$rtentry$$00000004))
<BR><BR>[Stack]<UL><LI>Max Depth = 8 + Unknown Stack Size
<LI>Call Chain = __rt_entry_sh &rArr; __user_setup_stackheap
</UL>
<BR>[Calls]<UL><LI><a href="#[f9]">&gt;&gt;</a>&nbsp;&nbsp;&nbsp;__user_setup_stackheap
</UL>

<P><STRONG><a name="[fa]"></a>__rt_entry_li</STRONG> (Thumb, 0 bytes, Stack size unknown bytes, __rtentry2.o(.ARM.Collect$$rtentry$$0000000A))
<BR><BR>[Calls]<UL><LI><a href="#[fb]">&gt;&gt;</a>&nbsp;&nbsp;&nbsp;__rt_lib_init
</UL>

<P><STRONG><a name="[3db]"></a>__rt_entry_postsh_1</STRONG> (Thumb, 0 bytes, Stack size unknown bytes, __rtentry2.o(.ARM.Collect$$rtentry$$00000009))

<P><STRONG><a name="[fc]"></a>__rt_entry_main</STRONG> (Thumb, 0 bytes, Stack size unknown bytes, __rtentry2.o(.ARM.Collect$$rtentry$$0000000D))
<BR><BR>[Stack]<UL><LI>Max Depth = 436 + Unknown Stack Size
<LI>Call Chain = __rt_entry_main &rArr; main &rArr; gt_flash_init &rArr; gt_flash_init_warning_info &rArr; read_warning_block &rArr; spiflash_read_with_lock &rArr; xQueueGenericSend &rArr; prvCopyDataToQueue &rArr; xTaskPriorityDisinherit &rArr; vListInsertEnd
</UL>
<BR>[Calls]<UL><LI><a href="#[fd]">&gt;&gt;</a>&nbsp;&nbsp;&nbsp;main
<LI><a href="#[fe]">&gt;&gt;</a>&nbsp;&nbsp;&nbsp;exit
</UL>

<P><STRONG><a name="[3dc]"></a>__rt_entry_postli_1</STRONG> (Thumb, 0 bytes, Stack size unknown bytes, __rtentry2.o(.ARM.Collect$$rtentry$$0000000C))

<P><STRONG><a name="[15d]"></a>__rt_exit</STRONG> (Thumb, 0 bytes, Stack size unknown bytes, rtexit.o(.ARM.Collect$$rtexit$$00000000))
<BR><BR>[Called By]<UL><LI><a href="#[fe]">&gt;&gt;</a>&nbsp;&nbsp;&nbsp;exit
</UL>

<P><STRONG><a name="[ff]"></a>__rt_exit_ls</STRONG> (Thumb, 0 bytes, Stack size unknown bytes, rtexit2.o(.ARM.Collect$$rtexit$$00000003))
<BR><BR>[Calls]<UL><LI><a href="#[100]">&gt;&gt;</a>&nbsp;&nbsp;&nbsp;__rt_lib_shutdown
</UL>

<P><STRONG><a name="[3dd]"></a>__rt_exit_prels_1</STRONG> (Thumb, 0 bytes, Stack size unknown bytes, rtexit2.o(.ARM.Collect$$rtexit$$00000002))

<P><STRONG><a name="[101]"></a>__rt_exit_exit</STRONG> (Thumb, 0 bytes, Stack size unknown bytes, rtexit2.o(.ARM.Collect$$rtexit$$00000004))
<BR><BR>[Calls]<UL><LI><a href="#[102]">&gt;&gt;</a>&nbsp;&nbsp;&nbsp;_sys_exit
</UL>

<P><STRONG><a name="[41]"></a>Reset_Handler</STRONG> (Thumb, 8 bytes, Stack size 0 bytes, startup_at32f403a_407.o(.text))
<BR>[Address Reference Count : 1]<UL><LI> startup_at32f403a_407.o(RESET)
</UL>
<P><STRONG><a name="[8f]"></a>ACC_IRQHandler</STRONG> (Thumb, 0 bytes, Stack size 0 bytes, startup_at32f403a_407.o(.text))
<BR><BR>[Calls]<UL><LI><a href="#[8f]">&gt;&gt;</a>&nbsp;&nbsp;&nbsp;ACC_IRQHandler
</UL>
<BR>[Called By]<UL><LI><a href="#[8f]">&gt;&gt;</a>&nbsp;&nbsp;&nbsp;ACC_IRQHandler
</UL>
<BR>[Address Reference Count : 1]<UL><LI> startup_at32f403a_407.o(RESET)
</UL>
<P><STRONG><a name="[5d]"></a>ADC1_2_IRQHandler</STRONG> (Thumb, 0 bytes, Stack size 0 bytes, startup_at32f403a_407.o(.text))
<BR>[Address Reference Count : 1]<UL><LI> startup_at32f403a_407.o(RESET)
</UL>
<P><STRONG><a name="[7a]"></a>ADC3_IRQHandler</STRONG> (Thumb, 0 bytes, Stack size 0 bytes, startup_at32f403a_407.o(.text))
<BR>[Address Reference Count : 1]<UL><LI> startup_at32f403a_407.o(RESET)
</UL>
<P><STRONG><a name="[60]"></a>CAN1_RX1_IRQHandler</STRONG> (Thumb, 0 bytes, Stack size 0 bytes, startup_at32f403a_407.o(.text))
<BR>[Address Reference Count : 1]<UL><LI> startup_at32f403a_407.o(RESET)
</UL>
<P><STRONG><a name="[61]"></a>CAN1_SE_IRQHandler</STRONG> (Thumb, 0 bytes, Stack size 0 bytes, startup_at32f403a_407.o(.text))
<BR>[Address Reference Count : 1]<UL><LI> startup_at32f403a_407.o(RESET)
</UL>
<P><STRONG><a name="[8c]"></a>CAN2_RX0_IRQHandler</STRONG> (Thumb, 0 bytes, Stack size 0 bytes, startup_at32f403a_407.o(.text))
<BR>[Address Reference Count : 1]<UL><LI> startup_at32f403a_407.o(RESET)
</UL>
<P><STRONG><a name="[8d]"></a>CAN2_RX1_IRQHandler</STRONG> (Thumb, 0 bytes, Stack size 0 bytes, startup_at32f403a_407.o(.text))
<BR>[Address Reference Count : 1]<UL><LI> startup_at32f403a_407.o(RESET)
</UL>
<P><STRONG><a name="[8e]"></a>CAN2_SE_IRQHandler</STRONG> (Thumb, 0 bytes, Stack size 0 bytes, startup_at32f403a_407.o(.text))
<BR>[Address Reference Count : 1]<UL><LI> startup_at32f403a_407.o(RESET)
</UL>
<P><STRONG><a name="[8b]"></a>CAN2_TX_IRQHandler</STRONG> (Thumb, 0 bytes, Stack size 0 bytes, startup_at32f403a_407.o(.text))
<BR>[Address Reference Count : 1]<UL><LI> startup_at32f403a_407.o(RESET)
</UL>
<P><STRONG><a name="[50]"></a>CRM_IRQHandler</STRONG> (Thumb, 0 bytes, Stack size 0 bytes, startup_at32f403a_407.o(.text))
<BR>[Address Reference Count : 1]<UL><LI> startup_at32f403a_407.o(RESET)
</UL>
<P><STRONG><a name="[57]"></a>DMA1_Channel2_IRQHandler</STRONG> (Thumb, 0 bytes, Stack size 0 bytes, startup_at32f403a_407.o(.text))
<BR>[Address Reference Count : 1]<UL><LI> startup_at32f403a_407.o(RESET)
</UL>
<P><STRONG><a name="[58]"></a>DMA1_Channel3_IRQHandler</STRONG> (Thumb, 0 bytes, Stack size 0 bytes, startup_at32f403a_407.o(.text))
<BR>[Address Reference Count : 1]<UL><LI> startup_at32f403a_407.o(RESET)
</UL>
<P><STRONG><a name="[59]"></a>DMA1_Channel4_IRQHandler</STRONG> (Thumb, 0 bytes, Stack size 0 bytes, startup_at32f403a_407.o(.text))
<BR>[Address Reference Count : 1]<UL><LI> startup_at32f403a_407.o(RESET)
</UL>
<P><STRONG><a name="[5a]"></a>DMA1_Channel5_IRQHandler</STRONG> (Thumb, 0 bytes, Stack size 0 bytes, startup_at32f403a_407.o(.text))
<BR>[Address Reference Count : 1]<UL><LI> startup_at32f403a_407.o(RESET)
</UL>
<P><STRONG><a name="[5b]"></a>DMA1_Channel6_IRQHandler</STRONG> (Thumb, 0 bytes, Stack size 0 bytes, startup_at32f403a_407.o(.text))
<BR>[Address Reference Count : 1]<UL><LI> startup_at32f403a_407.o(RESET)
</UL>
<P><STRONG><a name="[5c]"></a>DMA1_Channel7_IRQHandler</STRONG> (Thumb, 0 bytes, Stack size 0 bytes, startup_at32f403a_407.o(.text))
<BR>[Address Reference Count : 1]<UL><LI> startup_at32f403a_407.o(RESET)
</UL>
<P><STRONG><a name="[83]"></a>DMA2_Channel1_IRQHandler</STRONG> (Thumb, 0 bytes, Stack size 0 bytes, startup_at32f403a_407.o(.text))
<BR>[Address Reference Count : 1]<UL><LI> startup_at32f403a_407.o(RESET)
</UL>
<P><STRONG><a name="[84]"></a>DMA2_Channel2_IRQHandler</STRONG> (Thumb, 0 bytes, Stack size 0 bytes, startup_at32f403a_407.o(.text))
<BR>[Address Reference Count : 1]<UL><LI> startup_at32f403a_407.o(RESET)
</UL>
<P><STRONG><a name="[85]"></a>DMA2_Channel3_IRQHandler</STRONG> (Thumb, 0 bytes, Stack size 0 bytes, startup_at32f403a_407.o(.text))
<BR>[Address Reference Count : 1]<UL><LI> startup_at32f403a_407.o(RESET)
</UL>
<P><STRONG><a name="[86]"></a>DMA2_Channel4_5_IRQHandler</STRONG> (Thumb, 0 bytes, Stack size 0 bytes, startup_at32f403a_407.o(.text))
<BR>[Address Reference Count : 1]<UL><LI> startup_at32f403a_407.o(RESET)
</UL>
<P><STRONG><a name="[92]"></a>DMA2_Channel6_7_IRQHandler</STRONG> (Thumb, 0 bytes, Stack size 0 bytes, startup_at32f403a_407.o(.text))
<BR>[Address Reference Count : 1]<UL><LI> startup_at32f403a_407.o(RESET)
</UL>
<P><STRONG><a name="[96]"></a>EMAC_IRQHandler</STRONG> (Thumb, 0 bytes, Stack size 0 bytes, startup_at32f403a_407.o(.text))
<BR>[Address Reference Count : 1]<UL><LI> startup_at32f403a_407.o(RESET)
</UL>
<P><STRONG><a name="[97]"></a>EMAC_WKUP_IRQHandler</STRONG> (Thumb, 0 bytes, Stack size 0 bytes, startup_at32f403a_407.o(.text))
<BR>[Address Reference Count : 1]<UL><LI> startup_at32f403a_407.o(RESET)
</UL>
<P><STRONG><a name="[51]"></a>EXINT0_IRQHandler</STRONG> (Thumb, 0 bytes, Stack size 0 bytes, startup_at32f403a_407.o(.text))
<BR>[Address Reference Count : 1]<UL><LI> startup_at32f403a_407.o(RESET)
</UL>
<P><STRONG><a name="[73]"></a>EXINT15_10_IRQHandler</STRONG> (Thumb, 0 bytes, Stack size 0 bytes, startup_at32f403a_407.o(.text))
<BR>[Address Reference Count : 1]<UL><LI> startup_at32f403a_407.o(RESET)
</UL>
<P><STRONG><a name="[52]"></a>EXINT1_IRQHandler</STRONG> (Thumb, 0 bytes, Stack size 0 bytes, startup_at32f403a_407.o(.text))
<BR>[Address Reference Count : 1]<UL><LI> startup_at32f403a_407.o(RESET)
</UL>
<P><STRONG><a name="[53]"></a>EXINT2_IRQHandler</STRONG> (Thumb, 0 bytes, Stack size 0 bytes, startup_at32f403a_407.o(.text))
<BR>[Address Reference Count : 1]<UL><LI> startup_at32f403a_407.o(RESET)
</UL>
<P><STRONG><a name="[54]"></a>EXINT3_IRQHandler</STRONG> (Thumb, 0 bytes, Stack size 0 bytes, startup_at32f403a_407.o(.text))
<BR>[Address Reference Count : 1]<UL><LI> startup_at32f403a_407.o(RESET)
</UL>
<P><STRONG><a name="[55]"></a>EXINT4_IRQHandler</STRONG> (Thumb, 0 bytes, Stack size 0 bytes, startup_at32f403a_407.o(.text))
<BR>[Address Reference Count : 1]<UL><LI> startup_at32f403a_407.o(RESET)
</UL>
<P><STRONG><a name="[62]"></a>EXINT9_5_IRQHandler</STRONG> (Thumb, 0 bytes, Stack size 0 bytes, startup_at32f403a_407.o(.text))
<BR>[Address Reference Count : 1]<UL><LI> startup_at32f403a_407.o(RESET)
</UL>
<P><STRONG><a name="[4f]"></a>FLASH_IRQHandler</STRONG> (Thumb, 0 bytes, Stack size 0 bytes, startup_at32f403a_407.o(.text))
<BR>[Address Reference Count : 1]<UL><LI> startup_at32f403a_407.o(RESET)
</UL>
<P><STRONG><a name="[4c]"></a>PVM_IRQHandler</STRONG> (Thumb, 0 bytes, Stack size 0 bytes, startup_at32f403a_407.o(.text))
<BR>[Address Reference Count : 1]<UL><LI> startup_at32f403a_407.o(RESET)
</UL>
<P><STRONG><a name="[74]"></a>RTCAlarm_IRQHandler</STRONG> (Thumb, 0 bytes, Stack size 0 bytes, startup_at32f403a_407.o(.text))
<BR>[Address Reference Count : 1]<UL><LI> startup_at32f403a_407.o(RESET)
</UL>
<P><STRONG><a name="[4e]"></a>RTC_IRQHandler</STRONG> (Thumb, 0 bytes, Stack size 0 bytes, startup_at32f403a_407.o(.text))
<BR>[Address Reference Count : 1]<UL><LI> startup_at32f403a_407.o(RESET)
</UL>
<P><STRONG><a name="[7c]"></a>SDIO1_IRQHandler</STRONG> (Thumb, 0 bytes, Stack size 0 bytes, startup_at32f403a_407.o(.text))
<BR>[Address Reference Count : 1]<UL><LI> startup_at32f403a_407.o(RESET)
</UL>
<P><STRONG><a name="[87]"></a>SDIO2_IRQHandler</STRONG> (Thumb, 0 bytes, Stack size 0 bytes, startup_at32f403a_407.o(.text))
<BR>[Address Reference Count : 1]<UL><LI> startup_at32f403a_407.o(RESET)
</UL>
<P><STRONG><a name="[6e]"></a>SPI1_IRQHandler</STRONG> (Thumb, 0 bytes, Stack size 0 bytes, startup_at32f403a_407.o(.text))
<BR>[Address Reference Count : 1]<UL><LI> startup_at32f403a_407.o(RESET)
</UL>
<P><STRONG><a name="[6f]"></a>SPI2_I2S2EXT_IRQHandler</STRONG> (Thumb, 0 bytes, Stack size 0 bytes, startup_at32f403a_407.o(.text))
<BR>[Address Reference Count : 1]<UL><LI> startup_at32f403a_407.o(RESET)
</UL>
<P><STRONG><a name="[7e]"></a>SPI3_I2S3EXT_IRQHandler</STRONG> (Thumb, 0 bytes, Stack size 0 bytes, startup_at32f403a_407.o(.text))
<BR>[Address Reference Count : 1]<UL><LI> startup_at32f403a_407.o(RESET)
</UL>
<P><STRONG><a name="[8a]"></a>SPI4_IRQHandler</STRONG> (Thumb, 0 bytes, Stack size 0 bytes, startup_at32f403a_407.o(.text))
<BR>[Address Reference Count : 1]<UL><LI> startup_at32f403a_407.o(RESET)
</UL>
<P><STRONG><a name="[4d]"></a>TAMPER_IRQHandler</STRONG> (Thumb, 0 bytes, Stack size 0 bytes, startup_at32f403a_407.o(.text))
<BR>[Address Reference Count : 1]<UL><LI> startup_at32f403a_407.o(RESET)
</UL>
<P><STRONG><a name="[63]"></a>TMR1_BRK_TMR9_IRQHandler</STRONG> (Thumb, 0 bytes, Stack size 0 bytes, startup_at32f403a_407.o(.text))
<BR>[Address Reference Count : 1]<UL><LI> startup_at32f403a_407.o(RESET)
</UL>
<P><STRONG><a name="[66]"></a>TMR1_CH_IRQHandler</STRONG> (Thumb, 0 bytes, Stack size 0 bytes, startup_at32f403a_407.o(.text))
<BR>[Address Reference Count : 1]<UL><LI> startup_at32f403a_407.o(RESET)
</UL>
<P><STRONG><a name="[64]"></a>TMR1_OVF_TMR10_IRQHandler</STRONG> (Thumb, 0 bytes, Stack size 0 bytes, startup_at32f403a_407.o(.text))
<BR>[Address Reference Count : 1]<UL><LI> startup_at32f403a_407.o(RESET)
</UL>
<P><STRONG><a name="[65]"></a>TMR1_TRG_HALL_TMR11_IRQHandler</STRONG> (Thumb, 0 bytes, Stack size 0 bytes, startup_at32f403a_407.o(.text))
<BR>[Address Reference Count : 1]<UL><LI> startup_at32f403a_407.o(RESET)
</UL>
<P><STRONG><a name="[67]"></a>TMR2_GLOBAL_IRQHandler</STRONG> (Thumb, 0 bytes, Stack size 0 bytes, startup_at32f403a_407.o(.text))
<BR>[Address Reference Count : 1]<UL><LI> startup_at32f403a_407.o(RESET)
</UL>
<P><STRONG><a name="[68]"></a>TMR3_GLOBAL_IRQHandler</STRONG> (Thumb, 0 bytes, Stack size 0 bytes, startup_at32f403a_407.o(.text))
<BR>[Address Reference Count : 1]<UL><LI> startup_at32f403a_407.o(RESET)
</UL>
<P><STRONG><a name="[7d]"></a>TMR5_GLOBAL_IRQHandler</STRONG> (Thumb, 0 bytes, Stack size 0 bytes, startup_at32f403a_407.o(.text))
<BR>[Address Reference Count : 1]<UL><LI> startup_at32f403a_407.o(RESET)
</UL>
<P><STRONG><a name="[81]"></a>TMR6_GLOBAL_IRQHandler</STRONG> (Thumb, 0 bytes, Stack size 0 bytes, startup_at32f403a_407.o(.text))
<BR>[Address Reference Count : 1]<UL><LI> startup_at32f403a_407.o(RESET)
</UL>
<P><STRONG><a name="[82]"></a>TMR7_GLOBAL_IRQHandler</STRONG> (Thumb, 0 bytes, Stack size 0 bytes, startup_at32f403a_407.o(.text))
<BR>[Address Reference Count : 1]<UL><LI> startup_at32f403a_407.o(RESET)
</UL>
<P><STRONG><a name="[76]"></a>TMR8_BRK_TMR12_IRQHandler</STRONG> (Thumb, 0 bytes, Stack size 0 bytes, startup_at32f403a_407.o(.text))
<BR>[Address Reference Count : 1]<UL><LI> startup_at32f403a_407.o(RESET)
</UL>
<P><STRONG><a name="[79]"></a>TMR8_CH_IRQHandler</STRONG> (Thumb, 0 bytes, Stack size 0 bytes, startup_at32f403a_407.o(.text))
<BR>[Address Reference Count : 1]<UL><LI> startup_at32f403a_407.o(RESET)
</UL>
<P><STRONG><a name="[77]"></a>TMR8_OVF_TMR13_IRQHandler</STRONG> (Thumb, 0 bytes, Stack size 0 bytes, startup_at32f403a_407.o(.text))
<BR>[Address Reference Count : 1]<UL><LI> startup_at32f403a_407.o(RESET)
</UL>
<P><STRONG><a name="[78]"></a>TMR8_TRG_HALL_TMR14_IRQHandler</STRONG> (Thumb, 0 bytes, Stack size 0 bytes, startup_at32f403a_407.o(.text))
<BR>[Address Reference Count : 1]<UL><LI> startup_at32f403a_407.o(RESET)
</UL>
<P><STRONG><a name="[7f]"></a>UART4_IRQHandler</STRONG> (Thumb, 0 bytes, Stack size 0 bytes, startup_at32f403a_407.o(.text))
<BR>[Address Reference Count : 1]<UL><LI> startup_at32f403a_407.o(RESET)
</UL>
<P><STRONG><a name="[94]"></a>UART7_IRQHandler</STRONG> (Thumb, 0 bytes, Stack size 0 bytes, startup_at32f403a_407.o(.text))
<BR>[Address Reference Count : 1]<UL><LI> startup_at32f403a_407.o(RESET)
</UL>
<P><STRONG><a name="[95]"></a>UART8_IRQHandler</STRONG> (Thumb, 0 bytes, Stack size 0 bytes, startup_at32f403a_407.o(.text))
<BR>[Address Reference Count : 1]<UL><LI> startup_at32f403a_407.o(RESET)
</UL>
<P><STRONG><a name="[72]"></a>USART3_IRQHandler</STRONG> (Thumb, 0 bytes, Stack size 0 bytes, startup_at32f403a_407.o(.text))
<BR>[Address Reference Count : 1]<UL><LI> startup_at32f403a_407.o(RESET)
</UL>
<P><STRONG><a name="[93]"></a>USART6_IRQHandler</STRONG> (Thumb, 0 bytes, Stack size 0 bytes, startup_at32f403a_407.o(.text))
<BR>[Address Reference Count : 1]<UL><LI> startup_at32f403a_407.o(RESET)
</UL>
<P><STRONG><a name="[75]"></a>USBFSWakeUp_IRQHandler</STRONG> (Thumb, 0 bytes, Stack size 0 bytes, startup_at32f403a_407.o(.text))
<BR>[Address Reference Count : 1]<UL><LI> startup_at32f403a_407.o(RESET)
</UL>
<P><STRONG><a name="[5e]"></a>USBFS_H_CAN1_TX_IRQHandler</STRONG> (Thumb, 0 bytes, Stack size 0 bytes, startup_at32f403a_407.o(.text))
<BR>[Address Reference Count : 1]<UL><LI> startup_at32f403a_407.o(RESET)
</UL>
<P><STRONG><a name="[5f]"></a>USBFS_L_CAN1_RX0_IRQHandler</STRONG> (Thumb, 0 bytes, Stack size 0 bytes, startup_at32f403a_407.o(.text))
<BR>[Address Reference Count : 1]<UL><LI> startup_at32f403a_407.o(RESET)
</UL>
<P><STRONG><a name="[90]"></a>USBFS_MAPH_IRQHandler</STRONG> (Thumb, 0 bytes, Stack size 0 bytes, startup_at32f403a_407.o(.text))
<BR>[Address Reference Count : 1]<UL><LI> startup_at32f403a_407.o(RESET)
</UL>
<P><STRONG><a name="[91]"></a>USBFS_MAPL_IRQHandler</STRONG> (Thumb, 0 bytes, Stack size 0 bytes, startup_at32f403a_407.o(.text))
<BR>[Address Reference Count : 1]<UL><LI> startup_at32f403a_407.o(RESET)
</UL>
<P><STRONG><a name="[4b]"></a>WWDT_IRQHandler</STRONG> (Thumb, 0 bytes, Stack size 0 bytes, startup_at32f403a_407.o(.text))
<BR>[Address Reference Count : 1]<UL><LI> startup_at32f403a_407.o(RESET)
</UL>
<P><STRONG><a name="[7b]"></a>XMC_IRQHandler</STRONG> (Thumb, 0 bytes, Stack size 0 bytes, startup_at32f403a_407.o(.text))
<BR>[Address Reference Count : 1]<UL><LI> startup_at32f403a_407.o(RESET)
</UL>
<P><STRONG><a name="[15c]"></a>__user_initial_stackheap</STRONG> (Thumb, 0 bytes, Stack size unknown bytes, startup_at32f403a_407.o(.text))
<BR><BR>[Called By]<UL><LI><a href="#[f9]">&gt;&gt;</a>&nbsp;&nbsp;&nbsp;__user_setup_stackheap
</UL>

<P><STRONG><a name="[43]"></a>HardFault_Handler</STRONG> (Thumb, 12 bytes, Stack size 0 bytes, cmb_fault.o(.text))
<BR><BR>[Stack]<UL><LI>Max Depth = 312 + Unknown Stack Size
<LI>Call Chain = HardFault_Handler &rArr; cm_backtrace_fault &rArr; print_call_stack &rArr; sprintf &rArr; _printf_char_common &rArr; __printf
</UL>
<BR>[Calls]<UL><LI><a href="#[103]">&gt;&gt;</a>&nbsp;&nbsp;&nbsp;cm_backtrace_fault
</UL>
<BR>[Address Reference Count : 1]<UL><LI> startup_at32f403a_407.o(RESET)
</UL>
<P><STRONG><a name="[104]"></a>__rt_ctype_table</STRONG> (Thumb, 16 bytes, Stack size 8 bytes, rt_ctype_table.o(.text))
<BR><BR>[Stack]<UL><LI>Max Depth = 8<LI>Call Chain = __rt_ctype_table
</UL>
<BR>[Calls]<UL><LI><a href="#[f4]">&gt;&gt;</a>&nbsp;&nbsp;&nbsp;__rt_locale
</UL>
<BR>[Called By]<UL><LI><a href="#[114]">&gt;&gt;</a>&nbsp;&nbsp;&nbsp;strtoul
<LI><a href="#[112]">&gt;&gt;</a>&nbsp;&nbsp;&nbsp;strtol
<LI><a href="#[158]">&gt;&gt;</a>&nbsp;&nbsp;&nbsp;_c16rtomb
<LI><a href="#[157]">&gt;&gt;</a>&nbsp;&nbsp;&nbsp;_mbrtoc16
<LI><a href="#[a1]">&gt;&gt;</a>&nbsp;&nbsp;&nbsp;isspace
</UL>

<P><STRONG><a name="[105]"></a>free</STRONG> (Thumb, 78 bytes, Stack size 16 bytes, h1_free.o(.text))
<BR><BR>[Stack]<UL><LI>Max Depth = 16<LI>Call Chain = free
</UL>
<BR>[Calls]<UL><LI><a href="#[106]">&gt;&gt;</a>&nbsp;&nbsp;&nbsp;__rt_heap_descriptor
</UL>
<BR>[Called By]<UL><LI><a href="#[107]">&gt;&gt;</a>&nbsp;&nbsp;&nbsp;realloc
<LI><a href="#[122]">&gt;&gt;</a>&nbsp;&nbsp;&nbsp;__Heap_ProvideMemory
</UL>

<P><STRONG><a name="[107]"></a>realloc</STRONG> (Thumb, 196 bytes, Stack size 16 bytes, h1_realloc.o(.text))
<BR><BR>[Stack]<UL><LI>Max Depth = 64<LI>Call Chain = realloc &rArr; malloc &rArr; __Heap_Full &rArr; __Heap_ProvideMemory &rArr; free
</UL>
<BR>[Calls]<UL><LI><a href="#[109]">&gt;&gt;</a>&nbsp;&nbsp;&nbsp;__aeabi_memcpy4
<LI><a href="#[105]">&gt;&gt;</a>&nbsp;&nbsp;&nbsp;free
<LI><a href="#[108]">&gt;&gt;</a>&nbsp;&nbsp;&nbsp;malloc
<LI><a href="#[106]">&gt;&gt;</a>&nbsp;&nbsp;&nbsp;__rt_heap_descriptor
</UL>
<BR>[Called By]<UL><LI><a href="#[329]">&gt;&gt;</a>&nbsp;&nbsp;&nbsp;register_manager_add
</UL>

<P><STRONG><a name="[10a]"></a>sprintf</STRONG> (Thumb, 38 bytes, Stack size 32 bytes, sprintf.o(.text))
<BR><BR>[Stack]<UL><LI>Max Depth = 136 + Unknown Stack Size
<LI>Call Chain = sprintf &rArr; _printf_char_common &rArr; __printf
</UL>
<BR>[Calls]<UL><LI><a href="#[9b]">&gt;&gt;</a>&nbsp;&nbsp;&nbsp;_sputc
<LI><a href="#[10b]">&gt;&gt;</a>&nbsp;&nbsp;&nbsp;_printf_char_common
</UL>
<BR>[Called By]<UL><LI><a href="#[1de]">&gt;&gt;</a>&nbsp;&nbsp;&nbsp;gt_flash_write_log
<LI><a href="#[22d]">&gt;&gt;</a>&nbsp;&nbsp;&nbsp;get_compile_time
<LI><a href="#[268]">&gt;&gt;</a>&nbsp;&nbsp;&nbsp;http_client_get_file_range
<LI><a href="#[20]">&gt;&gt;</a>&nbsp;&nbsp;&nbsp;read_server_url
<LI><a href="#[24]">&gt;&gt;</a>&nbsp;&nbsp;&nbsp;read_firwmare_version
<LI><a href="#[30]">&gt;&gt;</a>&nbsp;&nbsp;&nbsp;mcu_ota_byself
<LI><a href="#[2b9]">&gt;&gt;</a>&nbsp;&nbsp;&nbsp;mobile_dev_send_and_update_cell_firmware
<LI><a href="#[336]">&gt;&gt;</a>&nbsp;&nbsp;&nbsp;set_bt_name_to_dev
<LI><a href="#[335]">&gt;&gt;</a>&nbsp;&nbsp;&nbsp;set_bt_mac_to_dev
<LI><a href="#[1ce]">&gt;&gt;</a>&nbsp;&nbsp;&nbsp;bt_dev_do_ota
<LI><a href="#[208]">&gt;&gt;</a>&nbsp;&nbsp;&nbsp;print_call_stack
</UL>

<P><STRONG><a name="[10c]"></a>vsprintf</STRONG> (Thumb, 32 bytes, Stack size 16 bytes, vsprintf.o(.text))
<BR><BR>[Stack]<UL><LI>Max Depth = 120 + Unknown Stack Size
<LI>Call Chain = vsprintf &rArr; _printf_char_common &rArr; __printf
</UL>
<BR>[Calls]<UL><LI><a href="#[9b]">&gt;&gt;</a>&nbsp;&nbsp;&nbsp;_sputc
<LI><a href="#[10b]">&gt;&gt;</a>&nbsp;&nbsp;&nbsp;_printf_char_common
</UL>
<BR>[Called By]<UL><LI><a href="#[1de]">&gt;&gt;</a>&nbsp;&nbsp;&nbsp;gt_flash_write_log
</UL>

<P><STRONG><a name="[10d]"></a>snprintf</STRONG> (Thumb, 58 bytes, Stack size 32 bytes, snprintf.o(.text))
<BR><BR>[Stack]<UL><LI>Max Depth = 136 + Unknown Stack Size
<LI>Call Chain = snprintf &rArr; _printf_char_common &rArr; __printf
</UL>
<BR>[Calls]<UL><LI><a href="#[10b]">&gt;&gt;</a>&nbsp;&nbsp;&nbsp;_printf_char_common
</UL>
<BR>[Called By]<UL><LI><a href="#[b6]">&gt;&gt;</a>&nbsp;&nbsp;&nbsp;mqtt_business_task
<LI><a href="#[2da]">&gt;&gt;</a>&nbsp;&nbsp;&nbsp;mqtt_client_publish
<LI><a href="#[2d7]">&gt;&gt;</a>&nbsp;&nbsp;&nbsp;mqtt_client_subscribe
<LI><a href="#[2cb]">&gt;&gt;</a>&nbsp;&nbsp;&nbsp;mqtt_client_connect
<LI><a href="#[16d]">&gt;&gt;</a>&nbsp;&nbsp;&nbsp;mqtt_send_warn
</UL>

<P><STRONG><a name="[10e]"></a>sscanf</STRONG> (Thumb, 52 bytes, Stack size 72 bytes, sscanf.o(.text))
<BR><BR>[Stack]<UL><LI>Max Depth = 508<LI>Call Chain = sscanf &rArr; __vfscanf_char &rArr; __vfscanf &rArr; _scanf_real &rArr; _scanf_really_real &rArr; _fp_value &rArr; _btod_etento &rArr; _btod_emul &rArr; _e2e
</UL>
<BR>[Calls]<UL><LI><a href="#[10f]">&gt;&gt;</a>&nbsp;&nbsp;&nbsp;__vfscanf_char
</UL>
<BR>[Called By]<UL><LI><a href="#[2bd]">&gt;&gt;</a>&nbsp;&nbsp;&nbsp;mobile_monitor_check_network
<LI><a href="#[2be]">&gt;&gt;</a>&nbsp;&nbsp;&nbsp;mobile_monitor_check_reg
<LI><a href="#[2bf]">&gt;&gt;</a>&nbsp;&nbsp;&nbsp;parse_utc_time
</UL>

<P><STRONG><a name="[110]"></a>atoi</STRONG> (Thumb, 26 bytes, Stack size 16 bytes, atoi.o(.text))
<BR><BR>[Stack]<UL><LI>Max Depth = 88<LI>Call Chain = atoi &rArr; strtol &rArr; _strtoul
</UL>
<BR>[Calls]<UL><LI><a href="#[112]">&gt;&gt;</a>&nbsp;&nbsp;&nbsp;strtol
<LI><a href="#[111]">&gt;&gt;</a>&nbsp;&nbsp;&nbsp;__aeabi_errno_addr
</UL>
<BR>[Called By]<UL><LI><a href="#[2da]">&gt;&gt;</a>&nbsp;&nbsp;&nbsp;mqtt_client_publish
<LI><a href="#[2d7]">&gt;&gt;</a>&nbsp;&nbsp;&nbsp;mqtt_client_subscribe
<LI><a href="#[2ed]">&gt;&gt;</a>&nbsp;&nbsp;&nbsp;process_http_data_rcv_result
<LI><a href="#[2ec]">&gt;&gt;</a>&nbsp;&nbsp;&nbsp;process_http_data_rcv
<LI><a href="#[21]">&gt;&gt;</a>&nbsp;&nbsp;&nbsp;write_server_url
<LI><a href="#[40]">&gt;&gt;</a>&nbsp;&nbsp;&nbsp;read_modbus_address
<LI><a href="#[2de]">&gt;&gt;</a>&nbsp;&nbsp;&nbsp;process_mqtt_timeout_rsp
<LI><a href="#[2df]">&gt;&gt;</a>&nbsp;&nbsp;&nbsp;process_mqtt_subscribe_rsp
<LI><a href="#[2dc]">&gt;&gt;</a>&nbsp;&nbsp;&nbsp;process_mqtt_rcv_msg
<LI><a href="#[2dd]">&gt;&gt;</a>&nbsp;&nbsp;&nbsp;process_mqtt_publish_rsp
<LI><a href="#[2db]">&gt;&gt;</a>&nbsp;&nbsp;&nbsp;process_mqtt_connect_rsp
<LI><a href="#[ac]">&gt;&gt;</a>&nbsp;&nbsp;&nbsp;mobile_dev_task
<LI><a href="#[1f0]">&gt;&gt;</a>&nbsp;&nbsp;&nbsp;check_address_avalible
</UL>

<P><STRONG><a name="[112]"></a>strtol</STRONG> (Thumb, 112 bytes, Stack size 32 bytes, strtol.o(.text))
<BR><BR>[Stack]<UL><LI>Max Depth = 72<LI>Call Chain = strtol &rArr; _strtoul
</UL>
<BR>[Calls]<UL><LI><a href="#[104]">&gt;&gt;</a>&nbsp;&nbsp;&nbsp;__rt_ctype_table
<LI><a href="#[113]">&gt;&gt;</a>&nbsp;&nbsp;&nbsp;_strtoul
<LI><a href="#[111]">&gt;&gt;</a>&nbsp;&nbsp;&nbsp;__aeabi_errno_addr
</UL>
<BR>[Called By]<UL><LI><a href="#[110]">&gt;&gt;</a>&nbsp;&nbsp;&nbsp;atoi
</UL>

<P><STRONG><a name="[114]"></a>strtoul</STRONG> (Thumb, 114 bytes, Stack size 40 bytes, strtoul.o(.text))
<BR><BR>[Stack]<UL><LI>Max Depth = 80<LI>Call Chain = strtoul &rArr; _strtoul
</UL>
<BR>[Calls]<UL><LI><a href="#[104]">&gt;&gt;</a>&nbsp;&nbsp;&nbsp;__rt_ctype_table
<LI><a href="#[113]">&gt;&gt;</a>&nbsp;&nbsp;&nbsp;_strtoul
<LI><a href="#[111]">&gt;&gt;</a>&nbsp;&nbsp;&nbsp;__aeabi_errno_addr
</UL>
<BR>[Called By]<UL><LI><a href="#[266]">&gt;&gt;</a>&nbsp;&nbsp;&nbsp;hex_string_to_bytes
</UL>

<P><STRONG><a name="[115]"></a>qsort</STRONG> (Thumb, 134 bytes, Stack size 32 bytes, qsortnoex.o(.text))
<BR><BR>[Stack]<UL><LI>Max Depth = 328<LI>Call Chain = qsort &rArr; _partition_sort
</UL>
<BR>[Calls]<UL><LI><a href="#[116]">&gt;&gt;</a>&nbsp;&nbsp;&nbsp;_partition_sort
</UL>
<BR>[Called By]<UL><LI><a href="#[1f8]">&gt;&gt;</a>&nbsp;&nbsp;&nbsp;process_flow_samples
</UL>

<P><STRONG><a name="[22c]"></a>strchr</STRONG> (Thumb, 20 bytes, Stack size 0 bytes, strchr.o(.text))
<BR><BR>[Called By]<UL><LI><a href="#[2bb]">&gt;&gt;</a>&nbsp;&nbsp;&nbsp;mobile_monitor_check_device
<LI><a href="#[2ed]">&gt;&gt;</a>&nbsp;&nbsp;&nbsp;process_http_data_rcv_result
<LI><a href="#[2ec]">&gt;&gt;</a>&nbsp;&nbsp;&nbsp;process_http_data_rcv
<LI><a href="#[21]">&gt;&gt;</a>&nbsp;&nbsp;&nbsp;write_server_url
<LI><a href="#[ac]">&gt;&gt;</a>&nbsp;&nbsp;&nbsp;mobile_dev_task
<LI><a href="#[1df]">&gt;&gt;</a>&nbsp;&nbsp;&nbsp;get_bt_version_from_dev
<LI><a href="#[1e0]">&gt;&gt;</a>&nbsp;&nbsp;&nbsp;get_bt_info_from_dev
</UL>

<P><STRONG><a name="[1d4]"></a>strstr</STRONG> (Thumb, 36 bytes, Stack size 12 bytes, strstr.o(.text))
<BR><BR>[Stack]<UL><LI>Max Depth = 12<LI>Call Chain = strstr
</UL>
<BR>[Called By]<UL><LI><a href="#[2bd]">&gt;&gt;</a>&nbsp;&nbsp;&nbsp;mobile_monitor_check_network
<LI><a href="#[2be]">&gt;&gt;</a>&nbsp;&nbsp;&nbsp;mobile_monitor_check_reg
<LI><a href="#[2c1]">&gt;&gt;</a>&nbsp;&nbsp;&nbsp;mobile_monitor_check_sim_card
<LI><a href="#[2bb]">&gt;&gt;</a>&nbsp;&nbsp;&nbsp;mobile_monitor_check_device
<LI><a href="#[2da]">&gt;&gt;</a>&nbsp;&nbsp;&nbsp;mqtt_client_publish
<LI><a href="#[2d7]">&gt;&gt;</a>&nbsp;&nbsp;&nbsp;mqtt_client_subscribe
<LI><a href="#[2ed]">&gt;&gt;</a>&nbsp;&nbsp;&nbsp;process_http_data_rcv_result
<LI><a href="#[2ec]">&gt;&gt;</a>&nbsp;&nbsp;&nbsp;process_http_data_rcv
<LI><a href="#[268]">&gt;&gt;</a>&nbsp;&nbsp;&nbsp;http_client_get_file_range
<LI><a href="#[2e0]">&gt;&gt;</a>&nbsp;&nbsp;&nbsp;process_mqtt_unsubscribe_rsp
<LI><a href="#[2de]">&gt;&gt;</a>&nbsp;&nbsp;&nbsp;process_mqtt_timeout_rsp
<LI><a href="#[2df]">&gt;&gt;</a>&nbsp;&nbsp;&nbsp;process_mqtt_subscribe_rsp
<LI><a href="#[2dc]">&gt;&gt;</a>&nbsp;&nbsp;&nbsp;process_mqtt_rcv_msg
<LI><a href="#[2dd]">&gt;&gt;</a>&nbsp;&nbsp;&nbsp;process_mqtt_publish_rsp
<LI><a href="#[2db]">&gt;&gt;</a>&nbsp;&nbsp;&nbsp;process_mqtt_connect_rsp
<LI><a href="#[ac]">&gt;&gt;</a>&nbsp;&nbsp;&nbsp;mobile_dev_task
<LI><a href="#[2b9]">&gt;&gt;</a>&nbsp;&nbsp;&nbsp;mobile_dev_send_and_update_cell_firmware
<LI><a href="#[336]">&gt;&gt;</a>&nbsp;&nbsp;&nbsp;set_bt_name_to_dev
<LI><a href="#[335]">&gt;&gt;</a>&nbsp;&nbsp;&nbsp;set_bt_mac_to_dev
<LI><a href="#[1ce]">&gt;&gt;</a>&nbsp;&nbsp;&nbsp;bt_dev_do_ota
<LI><a href="#[1df]">&gt;&gt;</a>&nbsp;&nbsp;&nbsp;get_bt_version_from_dev
<LI><a href="#[1e0]">&gt;&gt;</a>&nbsp;&nbsp;&nbsp;get_bt_info_from_dev
</UL>

<P><STRONG><a name="[23a]"></a>memcmp</STRONG> (Thumb, 88 bytes, Stack size 8 bytes, memcmp.o(.text))
<BR><BR>[Stack]<UL><LI>Max Depth = 8<LI>Call Chain = memcmp
</UL>
<BR>[Called By]<UL><LI><a href="#[236]">&gt;&gt;</a>&nbsp;&nbsp;&nbsp;gt_flash_check_fw_md5
<LI><a href="#[ac]">&gt;&gt;</a>&nbsp;&nbsp;&nbsp;mobile_dev_task
</UL>

<P><STRONG><a name="[20d]"></a>strcpy</STRONG> (Thumb, 72 bytes, Stack size 12 bytes, strcpy.o(.text))
<BR><BR>[Stack]<UL><LI>Max Depth = 12<LI>Call Chain = strcpy
</UL>
<BR>[Called By]<UL><LI><a href="#[2bb]">&gt;&gt;</a>&nbsp;&nbsp;&nbsp;mobile_monitor_check_device
<LI><a href="#[b0]">&gt;&gt;</a>&nbsp;&nbsp;&nbsp;mqtt_demo_msg_rcv_cb
<LI><a href="#[20c]">&gt;&gt;</a>&nbsp;&nbsp;&nbsp;convert_https_to_http
<LI><a href="#[30]">&gt;&gt;</a>&nbsp;&nbsp;&nbsp;mcu_ota_byself
<LI><a href="#[336]">&gt;&gt;</a>&nbsp;&nbsp;&nbsp;set_bt_name_to_dev
<LI><a href="#[335]">&gt;&gt;</a>&nbsp;&nbsp;&nbsp;set_bt_mac_to_dev
</UL>

<P><STRONG><a name="[1d7]"></a>strlen</STRONG> (Thumb, 62 bytes, Stack size 8 bytes, strlen.o(.text))
<BR><BR>[Stack]<UL><LI>Max Depth = 8<LI>Call Chain = strlen
</UL>
<BR>[Called By]<UL><LI><a href="#[1de]">&gt;&gt;</a>&nbsp;&nbsp;&nbsp;gt_flash_write_log
<LI><a href="#[26a]">&gt;&gt;</a>&nbsp;&nbsp;&nbsp;mobile_dev_send_cmd
<LI><a href="#[2bb]">&gt;&gt;</a>&nbsp;&nbsp;&nbsp;mobile_monitor_check_device
<LI><a href="#[1f1]">&gt;&gt;</a>&nbsp;&nbsp;&nbsp;gt_flash_read_sn2
<LI><a href="#[2da]">&gt;&gt;</a>&nbsp;&nbsp;&nbsp;mqtt_client_publish
<LI><a href="#[2bf]">&gt;&gt;</a>&nbsp;&nbsp;&nbsp;parse_utc_time
<LI><a href="#[22b]">&gt;&gt;</a>&nbsp;&nbsp;&nbsp;trimQuotes
<LI><a href="#[28b]">&gt;&gt;</a>&nbsp;&nbsp;&nbsp;json_extract_string
<LI><a href="#[288]">&gt;&gt;</a>&nbsp;&nbsp;&nbsp;json_extract_double
<LI><a href="#[28a]">&gt;&gt;</a>&nbsp;&nbsp;&nbsp;json_extract_int
<LI><a href="#[20c]">&gt;&gt;</a>&nbsp;&nbsp;&nbsp;convert_https_to_http
<LI><a href="#[266]">&gt;&gt;</a>&nbsp;&nbsp;&nbsp;hex_string_to_bytes
<LI><a href="#[18]">&gt;&gt;</a>&nbsp;&nbsp;&nbsp;write_bt_mac
<LI><a href="#[28]">&gt;&gt;</a>&nbsp;&nbsp;&nbsp;send_module_at_cmd
<LI><a href="#[25]">&gt;&gt;</a>&nbsp;&nbsp;&nbsp;read_sim_iccid
<LI><a href="#[20]">&gt;&gt;</a>&nbsp;&nbsp;&nbsp;read_server_url
<LI><a href="#[22]">&gt;&gt;</a>&nbsp;&nbsp;&nbsp;read_server_passwd
<LI><a href="#[10]">&gt;&gt;</a>&nbsp;&nbsp;&nbsp;read_module_version
<LI><a href="#[f]">&gt;&gt;</a>&nbsp;&nbsp;&nbsp;read_module_model
<LI><a href="#[14]">&gt;&gt;</a>&nbsp;&nbsp;&nbsp;read_module_ip
<LI><a href="#[13]">&gt;&gt;</a>&nbsp;&nbsp;&nbsp;read_module_imei
<LI><a href="#[24]">&gt;&gt;</a>&nbsp;&nbsp;&nbsp;read_firwmare_version
<LI><a href="#[36]">&gt;&gt;</a>&nbsp;&nbsp;&nbsp;read_compile_time
<LI><a href="#[16]">&gt;&gt;</a>&nbsp;&nbsp;&nbsp;read_bt_version
<LI><a href="#[19]">&gt;&gt;</a>&nbsp;&nbsp;&nbsp;read_bt_name
<LI><a href="#[17]">&gt;&gt;</a>&nbsp;&nbsp;&nbsp;read_bt_mac
<LI><a href="#[30]">&gt;&gt;</a>&nbsp;&nbsp;&nbsp;mcu_ota_byself
<LI><a href="#[ac]">&gt;&gt;</a>&nbsp;&nbsp;&nbsp;mobile_dev_task
<LI><a href="#[2b9]">&gt;&gt;</a>&nbsp;&nbsp;&nbsp;mobile_dev_send_and_update_cell_firmware
<LI><a href="#[20a]">&gt;&gt;</a>&nbsp;&nbsp;&nbsp;contains_substring_within_n
<LI><a href="#[1ef]">&gt;&gt;</a>&nbsp;&nbsp;&nbsp;gt_flash_write_modbus_password
<LI><a href="#[245]">&gt;&gt;</a>&nbsp;&nbsp;&nbsp;gt_flash_read_sn1
<LI><a href="#[1f7]">&gt;&gt;</a>&nbsp;&nbsp;&nbsp;gt_flash_read_modbus_password
<LI><a href="#[1d3]">&gt;&gt;</a>&nbsp;&nbsp;&nbsp;bt_dev_send_cmd
<LI><a href="#[1ce]">&gt;&gt;</a>&nbsp;&nbsp;&nbsp;bt_dev_do_ota
<LI><a href="#[1e0]">&gt;&gt;</a>&nbsp;&nbsp;&nbsp;get_bt_info_from_dev
</UL>

<P><STRONG><a name="[20b]"></a>strncmp</STRONG> (Thumb, 150 bytes, Stack size 16 bytes, strncmp.o(.text))
<BR><BR>[Stack]<UL><LI>Max Depth = 16<LI>Call Chain = strncmp
</UL>
<BR>[Called By]<UL><LI><a href="#[28b]">&gt;&gt;</a>&nbsp;&nbsp;&nbsp;json_extract_string
<LI><a href="#[288]">&gt;&gt;</a>&nbsp;&nbsp;&nbsp;json_extract_double
<LI><a href="#[28a]">&gt;&gt;</a>&nbsp;&nbsp;&nbsp;json_extract_int
<LI><a href="#[20c]">&gt;&gt;</a>&nbsp;&nbsp;&nbsp;convert_https_to_http
<LI><a href="#[20a]">&gt;&gt;</a>&nbsp;&nbsp;&nbsp;contains_substring_within_n
</UL>

<P><STRONG><a name="[20e]"></a>strcat</STRONG> (Thumb, 24 bytes, Stack size 0 bytes, strcat.o(.text))
<BR><BR>[Called By]<UL><LI><a href="#[20c]">&gt;&gt;</a>&nbsp;&nbsp;&nbsp;convert_https_to_http
</UL>

<P><STRONG><a name="[119]"></a>__aeabi_memcpy</STRONG> (Thumb, 0 bytes, Stack size 0 bytes, rt_memcpy_v6.o(.text))
<BR><BR>[Called By]<UL><LI><a href="#[26a]">&gt;&gt;</a>&nbsp;&nbsp;&nbsp;mobile_dev_send_cmd
<LI><a href="#[2d8]">&gt;&gt;</a>&nbsp;&nbsp;&nbsp;mqtt_client_init
<LI><a href="#[1f1]">&gt;&gt;</a>&nbsp;&nbsp;&nbsp;gt_flash_read_sn2
<LI><a href="#[30f]">&gt;&gt;</a>&nbsp;&nbsp;&nbsp;prvReadBytesFromBuffer
<LI><a href="#[316]">&gt;&gt;</a>&nbsp;&nbsp;&nbsp;prvWriteBytesToBuffer
<LI><a href="#[2fb]">&gt;&gt;</a>&nbsp;&nbsp;&nbsp;prvCopyDataFromQueue
<LI><a href="#[2fc]">&gt;&gt;</a>&nbsp;&nbsp;&nbsp;prvCopyDataToQueue
<LI><a href="#[229]">&gt;&gt;</a>&nbsp;&nbsp;&nbsp;gt_flash_write_fw_with_cache
<LI><a href="#[118]">&gt;&gt;</a>&nbsp;&nbsp;&nbsp;__rt_memmove
<LI><a href="#[1f]">&gt;&gt;</a>&nbsp;&nbsp;&nbsp;write_sn_number
<LI><a href="#[2a]">&gt;&gt;</a>&nbsp;&nbsp;&nbsp;write_sn_2_number
<LI><a href="#[21]">&gt;&gt;</a>&nbsp;&nbsp;&nbsp;write_server_url
<LI><a href="#[23]">&gt;&gt;</a>&nbsp;&nbsp;&nbsp;write_server_passwd
<LI><a href="#[1a]">&gt;&gt;</a>&nbsp;&nbsp;&nbsp;write_bt_name
<LI><a href="#[18]">&gt;&gt;</a>&nbsp;&nbsp;&nbsp;write_bt_mac
<LI><a href="#[3c]">&gt;&gt;</a>&nbsp;&nbsp;&nbsp;send_module_firwmare
<LI><a href="#[3a]">&gt;&gt;</a>&nbsp;&nbsp;&nbsp;send_mcu_firwmare
<LI><a href="#[3e]">&gt;&gt;</a>&nbsp;&nbsp;&nbsp;send_bt_firwmare
<LI><a href="#[1e]">&gt;&gt;</a>&nbsp;&nbsp;&nbsp;read_sn_number
<LI><a href="#[29]">&gt;&gt;</a>&nbsp;&nbsp;&nbsp;read_sn_2_number
[...]
<BR>[Address Reference Count : 1]<UL><LI> timers.o(.text.xTimerCreateTimerTask)
</UL>
<P><STRONG><a name="[312]"></a>prvGetNextExpireTime</STRONG> (Thumb, 64 bytes, Stack size 8 bytes, timers.o(.text.prvGetNextExpireTime))
<BR><BR>[Stack]<UL><LI>Max Depth = 8<LI>Call Chain = prvGetNextExpireTime
</UL>
<BR>[Called By]<UL><LI><a href="#[c5]">&gt;&gt;</a>&nbsp;&nbsp;&nbsp;prvTimerTask
</UL>

<P><STRONG><a name="[30b]"></a>prvProcessTimerOrBlockTask</STRONG> (Thumb, 154 bytes, Stack size 24 bytes, timers.o(.text.prvProcessTimerOrBlockTask))
<BR><BR>[Stack]<UL><LI>Max Depth = 284<LI>Call Chain = prvProcessTimerOrBlockTask &rArr; prvSampleTimeNow &rArr; prvSwitchTimerLists &rArr; xTimerGenericCommand &rArr; xQueueGenericSend &rArr; prvCopyDataToQueue &rArr; xTaskPriorityDisinherit &rArr; vListInsertEnd
</UL>
<BR>[Calls]<UL><LI><a href="#[307]">&gt;&gt;</a>&nbsp;&nbsp;&nbsp;prvProcessExpiredTimer
<LI><a href="#[30a]">&gt;&gt;</a>&nbsp;&nbsp;&nbsp;prvSampleTimeNow
<LI><a href="#[30e]">&gt;&gt;</a>&nbsp;&nbsp;&nbsp;vQueueWaitForMessageRestricted
<LI><a href="#[30d]">&gt;&gt;</a>&nbsp;&nbsp;&nbsp;xTaskResumeAll
<LI><a href="#[30c]">&gt;&gt;</a>&nbsp;&nbsp;&nbsp;vTaskSuspendAll
</UL>
<BR>[Called By]<UL><LI><a href="#[c5]">&gt;&gt;</a>&nbsp;&nbsp;&nbsp;prvTimerTask
</UL>

<P><STRONG><a name="[309]"></a>prvProcessReceivedCommands</STRONG> (Thumb, 402 bytes, Stack size 64 bytes, timers.o(.text.prvProcessReceivedCommands))
<BR><BR>[Stack]<UL><LI>Max Depth = 324<LI>Call Chain = prvProcessReceivedCommands &rArr; prvSampleTimeNow &rArr; prvSwitchTimerLists &rArr; xTimerGenericCommand &rArr; xQueueGenericSend &rArr; prvCopyDataToQueue &rArr; xTaskPriorityDisinherit &rArr; vListInsertEnd
</UL>
<BR>[Calls]<UL><LI><a href="#[308]">&gt;&gt;</a>&nbsp;&nbsp;&nbsp;xTimerGenericCommand
<LI><a href="#[304]">&gt;&gt;</a>&nbsp;&nbsp;&nbsp;prvInsertTimerInActiveList
<LI><a href="#[30a]">&gt;&gt;</a>&nbsp;&nbsp;&nbsp;prvSampleTimeNow
<LI><a href="#[2f0]">&gt;&gt;</a>&nbsp;&nbsp;&nbsp;uxListRemove
<LI><a href="#[1d1]">&gt;&gt;</a>&nbsp;&nbsp;&nbsp;vPortFree
<LI><a href="#[29e]">&gt;&gt;</a>&nbsp;&nbsp;&nbsp;xQueueReceive
</UL>
<BR>[Called By]<UL><LI><a href="#[c5]">&gt;&gt;</a>&nbsp;&nbsp;&nbsp;prvTimerTask
</UL>

<P><STRONG><a name="[30a]"></a>prvSampleTimeNow</STRONG> (Thumb, 68 bytes, Stack size 16 bytes, timers.o(.text.prvSampleTimeNow))
<BR><BR>[Stack]<UL><LI>Max Depth = 260<LI>Call Chain = prvSampleTimeNow &rArr; prvSwitchTimerLists &rArr; xTimerGenericCommand &rArr; xQueueGenericSend &rArr; prvCopyDataToQueue &rArr; xTaskPriorityDisinherit &rArr; vListInsertEnd
</UL>
<BR>[Calls]<UL><LI><a href="#[17a]">&gt;&gt;</a>&nbsp;&nbsp;&nbsp;xTaskGetTickCount
<LI><a href="#[311]">&gt;&gt;</a>&nbsp;&nbsp;&nbsp;prvSwitchTimerLists
</UL>
<BR>[Called By]<UL><LI><a href="#[309]">&gt;&gt;</a>&nbsp;&nbsp;&nbsp;prvProcessReceivedCommands
<LI><a href="#[30b]">&gt;&gt;</a>&nbsp;&nbsp;&nbsp;prvProcessTimerOrBlockTask
</UL>

<P><STRONG><a name="[307]"></a>prvProcessExpiredTimer</STRONG> (Thumb, 142 bytes, Stack size 32 bytes, timers.o(.text.prvProcessExpiredTimer))
<BR><BR>[Stack]<UL><LI>Max Depth = 236<LI>Call Chain = prvProcessExpiredTimer &rArr; xTimerGenericCommand &rArr; xQueueGenericSend &rArr; prvCopyDataToQueue &rArr; xTaskPriorityDisinherit &rArr; vListInsertEnd
</UL>
<BR>[Calls]<UL><LI><a href="#[308]">&gt;&gt;</a>&nbsp;&nbsp;&nbsp;xTimerGenericCommand
<LI><a href="#[304]">&gt;&gt;</a>&nbsp;&nbsp;&nbsp;prvInsertTimerInActiveList
<LI><a href="#[2f0]">&gt;&gt;</a>&nbsp;&nbsp;&nbsp;uxListRemove
</UL>
<BR>[Called By]<UL><LI><a href="#[30b]">&gt;&gt;</a>&nbsp;&nbsp;&nbsp;prvProcessTimerOrBlockTask
</UL>

<P><STRONG><a name="[304]"></a>prvInsertTimerInActiveList</STRONG> (Thumb, 134 bytes, Stack size 32 bytes, timers.o(.text.prvInsertTimerInActiveList))
<BR><BR>[Stack]<UL><LI>Max Depth = 48<LI>Call Chain = prvInsertTimerInActiveList &rArr; vListInsert
</UL>
<BR>[Calls]<UL><LI><a href="#[2f2]">&gt;&gt;</a>&nbsp;&nbsp;&nbsp;vListInsert
</UL>
<BR>[Called By]<UL><LI><a href="#[307]">&gt;&gt;</a>&nbsp;&nbsp;&nbsp;prvProcessExpiredTimer
<LI><a href="#[309]">&gt;&gt;</a>&nbsp;&nbsp;&nbsp;prvProcessReceivedCommands
</UL>

<P><STRONG><a name="[311]"></a>prvSwitchTimerLists</STRONG> (Thumb, 212 bytes, Stack size 40 bytes, timers.o(.text.prvSwitchTimerLists))
<BR><BR>[Stack]<UL><LI>Max Depth = 244<LI>Call Chain = prvSwitchTimerLists &rArr; xTimerGenericCommand &rArr; xQueueGenericSend &rArr; prvCopyDataToQueue &rArr; xTaskPriorityDisinherit &rArr; vListInsertEnd
</UL>
<BR>[Calls]<UL><LI><a href="#[308]">&gt;&gt;</a>&nbsp;&nbsp;&nbsp;xTimerGenericCommand
<LI><a href="#[2f0]">&gt;&gt;</a>&nbsp;&nbsp;&nbsp;uxListRemove
<LI><a href="#[2f2]">&gt;&gt;</a>&nbsp;&nbsp;&nbsp;vListInsert
</UL>
<BR>[Called By]<UL><LI><a href="#[30a]">&gt;&gt;</a>&nbsp;&nbsp;&nbsp;prvSampleTimeNow
</UL>

<P><STRONG><a name="[318]"></a>prvHeapInit</STRONG> (Thumb, 188 bytes, Stack size 16 bytes, heap_4.o(.text.prvHeapInit))
<BR><BR>[Stack]<UL><LI>Max Depth = 16<LI>Call Chain = prvHeapInit
</UL>
<BR>[Called By]<UL><LI><a href="#[1d0]">&gt;&gt;</a>&nbsp;&nbsp;&nbsp;pvPortMalloc
</UL>

<P><STRONG><a name="[319]"></a>prvInsertBlockIntoFreeList</STRONG> (Thumb, 198 bytes, Stack size 12 bytes, heap_4.o(.text.prvInsertBlockIntoFreeList))
<BR><BR>[Stack]<UL><LI>Max Depth = 12<LI>Call Chain = prvInsertBlockIntoFreeList
</UL>
<BR>[Called By]<UL><LI><a href="#[1d1]">&gt;&gt;</a>&nbsp;&nbsp;&nbsp;vPortFree
<LI><a href="#[1d0]">&gt;&gt;</a>&nbsp;&nbsp;&nbsp;pvPortMalloc
</UL>

<P><STRONG><a name="[300]"></a>prvInitialiseNewStreamBuffer</STRONG> (Thumb, 106 bytes, Stack size 40 bytes, stream_buffer.o(.text.prvInitialiseNewStreamBuffer))
<BR><BR>[Stack]<UL><LI>Max Depth = 44 + Unknown Stack Size
<LI>Call Chain = prvInitialiseNewStreamBuffer &rArr; __aeabi_memset &rArr; _memset &rArr; _memset_w
</UL>
<BR>[Calls]<UL><LI><a href="#[120]">&gt;&gt;</a>&nbsp;&nbsp;&nbsp;__aeabi_memclr
<LI><a href="#[11b]">&gt;&gt;</a>&nbsp;&nbsp;&nbsp;__aeabi_memset
</UL>
<BR>[Called By]<UL><LI><a href="#[255]">&gt;&gt;</a>&nbsp;&nbsp;&nbsp;xStreamBufferGenericCreate
</UL>

<P><STRONG><a name="[382]"></a>prvBytesInBuffer</STRONG> (Thumb, 56 bytes, Stack size 8 bytes, stream_buffer.o(.text.prvBytesInBuffer))
<BR><BR>[Stack]<UL><LI>Max Depth = 8<LI>Call Chain = prvBytesInBuffer
</UL>
<BR>[Called By]<UL><LI><a href="#[258]">&gt;&gt;</a>&nbsp;&nbsp;&nbsp;xStreamBufferReceive
<LI><a href="#[234]">&gt;&gt;</a>&nbsp;&nbsp;&nbsp;xStreamBufferSendFromISR
<LI><a href="#[259]">&gt;&gt;</a>&nbsp;&nbsp;&nbsp;xStreamBufferBytesAvailable
</UL>

<P><STRONG><a name="[317]"></a>prvWriteMessageToBuffer</STRONG> (Thumb, 138 bytes, Stack size 40 bytes, stream_buffer.o(.text.prvWriteMessageToBuffer))
<BR><BR>[Stack]<UL><LI>Max Depth = 88<LI>Call Chain = prvWriteMessageToBuffer &rArr; prvWriteBytesToBuffer
</UL>
<BR>[Calls]<UL><LI><a href="#[316]">&gt;&gt;</a>&nbsp;&nbsp;&nbsp;prvWriteBytesToBuffer
</UL>
<BR>[Called By]<UL><LI><a href="#[234]">&gt;&gt;</a>&nbsp;&nbsp;&nbsp;xStreamBufferSendFromISR
</UL>

<P><STRONG><a name="[316]"></a>prvWriteBytesToBuffer</STRONG> (Thumb, 252 bytes, Stack size 48 bytes, stream_buffer.o(.text.prvWriteBytesToBuffer))
<BR><BR>[Stack]<UL><LI>Max Depth = 48<LI>Call Chain = prvWriteBytesToBuffer
</UL>
<BR>[Calls]<UL><LI><a href="#[119]">&gt;&gt;</a>&nbsp;&nbsp;&nbsp;__aeabi_memcpy
</UL>
<BR>[Called By]<UL><LI><a href="#[317]">&gt;&gt;</a>&nbsp;&nbsp;&nbsp;prvWriteMessageToBuffer
</UL>

<P><STRONG><a name="[310]"></a>prvReadMessageFromBuffer</STRONG> (Thumb, 104 bytes, Stack size 40 bytes, stream_buffer.o(.text.prvReadMessageFromBuffer))
<BR><BR>[Stack]<UL><LI>Max Depth = 96<LI>Call Chain = prvReadMessageFromBuffer &rArr; prvReadBytesFromBuffer
</UL>
<BR>[Calls]<UL><LI><a href="#[30f]">&gt;&gt;</a>&nbsp;&nbsp;&nbsp;prvReadBytesFromBuffer
</UL>
<BR>[Called By]<UL><LI><a href="#[258]">&gt;&gt;</a>&nbsp;&nbsp;&nbsp;xStreamBufferReceive
</UL>

<P><STRONG><a name="[30f]"></a>prvReadBytesFromBuffer</STRONG> (Thumb, 290 bytes, Stack size 56 bytes, stream_buffer.o(.text.prvReadBytesFromBuffer))
<BR><BR>[Stack]<UL><LI>Max Depth = 56<LI>Call Chain = prvReadBytesFromBuffer
</UL>
<BR>[Calls]<UL><LI><a href="#[119]">&gt;&gt;</a>&nbsp;&nbsp;&nbsp;__aeabi_memcpy
</UL>
<BR>[Called By]<UL><LI><a href="#[310]">&gt;&gt;</a>&nbsp;&nbsp;&nbsp;prvReadMessageFromBuffer
</UL>

<P><STRONG><a name="[202]"></a>get_cur_thread_stack_info</STRONG> (Thumb, 52 bytes, Stack size 24 bytes, cm_backtrace.o(.text.get_cur_thread_stack_info))
<BR><BR>[Stack]<UL><LI>Max Depth = 24<LI>Call Chain = get_cur_thread_stack_info
</UL>
<BR>[Calls]<UL><LI><a href="#[22f]">&gt;&gt;</a>&nbsp;&nbsp;&nbsp;vTaskStackSize
<LI><a href="#[22e]">&gt;&gt;</a>&nbsp;&nbsp;&nbsp;vTaskStackAddr
</UL>
<BR>[Called By]<UL><LI><a href="#[201]">&gt;&gt;</a>&nbsp;&nbsp;&nbsp;cm_backtrace_call_stack
<LI><a href="#[103]">&gt;&gt;</a>&nbsp;&nbsp;&nbsp;cm_backtrace_fault
</UL>

<P><STRONG><a name="[203]"></a>disassembly_ins_is_bl_blx</STRONG> (Thumb, 100 bytes, Stack size 12 bytes, cm_backtrace.o(.text.disassembly_ins_is_bl_blx))
<BR><BR>[Stack]<UL><LI>Max Depth = 12<LI>Call Chain = disassembly_ins_is_bl_blx
</UL>
<BR>[Called By]<UL><LI><a href="#[201]">&gt;&gt;</a>&nbsp;&nbsp;&nbsp;cm_backtrace_call_stack
</UL>

<P><STRONG><a name="[206]"></a>dump_stack</STRONG> (Thumb, 118 bytes, Stack size 12 bytes, cm_backtrace.o(.text.dump_stack))
<BR><BR>[Stack]<UL><LI>Max Depth = 12<LI>Call Chain = dump_stack
</UL>
<BR>[Called By]<UL><LI><a href="#[103]">&gt;&gt;</a>&nbsp;&nbsp;&nbsp;cm_backtrace_fault
</UL>

<P><STRONG><a name="[208]"></a>print_call_stack</STRONG> (Thumb, 126 bytes, Stack size 96 bytes, cm_backtrace.o(.text.print_call_stack))
<BR><BR>[Stack]<UL><LI>Max Depth = 232 + Unknown Stack Size
<LI>Call Chain = print_call_stack &rArr; sprintf &rArr; _printf_char_common &rArr; __printf
</UL>
<BR>[Calls]<UL><LI><a href="#[1e8]">&gt;&gt;</a>&nbsp;&nbsp;&nbsp;__aeabi_memclr4
<LI><a href="#[10a]">&gt;&gt;</a>&nbsp;&nbsp;&nbsp;sprintf
<LI><a href="#[201]">&gt;&gt;</a>&nbsp;&nbsp;&nbsp;cm_backtrace_call_stack
</UL>
<BR>[Called By]<UL><LI><a href="#[103]">&gt;&gt;</a>&nbsp;&nbsp;&nbsp;cm_backtrace_fault
</UL>

<P><STRONG><a name="[205]"></a>statck_del_fpu_regs</STRONG> (Thumb, 56 bytes, Stack size 12 bytes, cm_backtrace.o(.text.statck_del_fpu_regs))
<BR><BR>[Stack]<UL><LI>Max Depth = 12<LI>Call Chain = statck_del_fpu_regs
</UL>
<BR>[Called By]<UL><LI><a href="#[103]">&gt;&gt;</a>&nbsp;&nbsp;&nbsp;cm_backtrace_fault
</UL>

<P><STRONG><a name="[207]"></a>fault_diagnosis</STRONG> (Thumb, 726 bytes, Stack size 0 bytes, cm_backtrace.o(.text.fault_diagnosis))
<BR><BR>[Called By]<UL><LI><a href="#[103]">&gt;&gt;</a>&nbsp;&nbsp;&nbsp;cm_backtrace_fault
</UL>

<P><STRONG><a name="[1a3]"></a>gt_UART_IRQHandler</STRONG> (Thumb, 280 bytes, Stack size 32 bytes, gt_uart.o(.text.gt_UART_IRQHandler))
<BR><BR>[Stack]<UL><LI>Max Depth = 200<LI>Call Chain = gt_UART_IRQHandler &rArr; xStreamBufferSendFromISR &rArr; prvWriteMessageToBuffer &rArr; prvWriteBytesToBuffer
</UL>
<BR>[Calls]<UL><LI><a href="#[233]">&gt;&gt;</a>&nbsp;&nbsp;&nbsp;usart_flag_get
<LI><a href="#[235]">&gt;&gt;</a>&nbsp;&nbsp;&nbsp;usart_data_receive
<LI><a href="#[234]">&gt;&gt;</a>&nbsp;&nbsp;&nbsp;xStreamBufferSendFromISR
</UL>
<BR>[Called By]<UL><LI><a href="#[71]">&gt;&gt;</a>&nbsp;&nbsp;&nbsp;USART2_IRQHandler
<LI><a href="#[70]">&gt;&gt;</a>&nbsp;&nbsp;&nbsp;USART1_IRQHandler
<LI><a href="#[80]">&gt;&gt;</a>&nbsp;&nbsp;&nbsp;UART5_IRQHandler
</UL>

<P><STRONG><a name="[c6]"></a>gt_uart_configure</STRONG> (Thumb, 96 bytes, Stack size 24 bytes, gt_uart.o(.text.gt_uart_configure))
<BR><BR>[Stack]<UL><LI>Max Depth = 128<LI>Call Chain = gt_uart_configure &rArr; gt_uart_init &rArr; nvic_irq_enable &rArr; NVIC_EncodePriority
</UL>
<BR>[Calls]<UL><LI><a href="#[260]">&gt;&gt;</a>&nbsp;&nbsp;&nbsp;usart_enable
<LI><a href="#[25f]">&gt;&gt;</a>&nbsp;&nbsp;&nbsp;usart_hardware_flow_control_set
<LI><a href="#[25e]">&gt;&gt;</a>&nbsp;&nbsp;&nbsp;usart_parity_selection_config
<LI><a href="#[25d]">&gt;&gt;</a>&nbsp;&nbsp;&nbsp;usart_receiver_enable
<LI><a href="#[25c]">&gt;&gt;</a>&nbsp;&nbsp;&nbsp;usart_transmitter_enable
<LI><a href="#[25b]">&gt;&gt;</a>&nbsp;&nbsp;&nbsp;usart_init
<LI><a href="#[25a]">&gt;&gt;</a>&nbsp;&nbsp;&nbsp;gt_uart_init
</UL>
<BR>[Address Reference Count : 1]<UL><LI> gt_uart.o(.rodata.gt_uart_ops)
</UL>
<P><STRONG><a name="[c8]"></a>gt_uart_getc</STRONG> (Thumb, 44 bytes, Stack size 16 bytes, gt_uart.o(.text.gt_uart_getc))
<BR><BR>[Stack]<UL><LI>Max Depth = 28<LI>Call Chain = gt_uart_getc &rArr; usart_flag_get
</UL>
<BR>[Calls]<UL><LI><a href="#[233]">&gt;&gt;</a>&nbsp;&nbsp;&nbsp;usart_flag_get
<LI><a href="#[235]">&gt;&gt;</a>&nbsp;&nbsp;&nbsp;usart_data_receive
</UL>
<BR>[Address Reference Count : 1]<UL><LI> gt_uart.o(.rodata.gt_uart_ops)
</UL>
<P><STRONG><a name="[25a]"></a>gt_uart_init</STRONG> (Thumb, 292 bytes, Stack size 48 bytes, gt_uart.o(.text.gt_uart_init))
<BR><BR>[Stack]<UL><LI>Max Depth = 104<LI>Call Chain = gt_uart_init &rArr; nvic_irq_enable &rArr; NVIC_EncodePriority
</UL>
<BR>[Calls]<UL><LI><a href="#[262]">&gt;&gt;</a>&nbsp;&nbsp;&nbsp;usart_interrupt_enable
<LI><a href="#[19c]">&gt;&gt;</a>&nbsp;&nbsp;&nbsp;gpio_bits_reset
<LI><a href="#[1e4]">&gt;&gt;</a>&nbsp;&nbsp;&nbsp;gpio_init
<LI><a href="#[1e3]">&gt;&gt;</a>&nbsp;&nbsp;&nbsp;gpio_default_para_init
<LI><a href="#[261]">&gt;&gt;</a>&nbsp;&nbsp;&nbsp;gpio_pin_remap_config
<LI><a href="#[264]">&gt;&gt;</a>&nbsp;&nbsp;&nbsp;nvic_irq_enable
<LI><a href="#[263]">&gt;&gt;</a>&nbsp;&nbsp;&nbsp;nvic_priority_group_config
<LI><a href="#[1a9]">&gt;&gt;</a>&nbsp;&nbsp;&nbsp;crm_periph_clock_enable
</UL>
<BR>[Called By]<UL><LI><a href="#[c6]">&gt;&gt;</a>&nbsp;&nbsp;&nbsp;gt_uart_configure
</UL>

<P><STRONG><a name="[c7]"></a>gt_uart_putc</STRONG> (Thumb, 46 bytes, Stack size 16 bytes, gt_uart.o(.text.gt_uart_putc))
<BR><BR>[Stack]<UL><LI>Max Depth = 28<LI>Call Chain = gt_uart_putc &rArr; usart_flag_get
</UL>
<BR>[Calls]<UL><LI><a href="#[233]">&gt;&gt;</a>&nbsp;&nbsp;&nbsp;usart_flag_get
<LI><a href="#[265]">&gt;&gt;</a>&nbsp;&nbsp;&nbsp;usart_data_transmit
</UL>
<BR>[Address Reference Count : 1]<UL><LI> gt_uart.o(.rodata.gt_uart_ops)
</UL>
<P><STRONG><a name="[1e0]"></a>get_bt_info_from_dev</STRONG> (Thumb, 238 bytes, Stack size 96 bytes, bt_device.o(.text.get_bt_info_from_dev))
<BR><BR>[Stack]<UL><LI>Max Depth = 344 + Unknown Stack Size
<LI>Call Chain = get_bt_info_from_dev &rArr; bt_dev_send_cmd &rArr; gt_serial_recv &rArr; xStreamBufferReceive &rArr; prvReadMessageFromBuffer &rArr; prvReadBytesFromBuffer
</UL>
<BR>[Calls]<UL><LI><a href="#[22b]">&gt;&gt;</a>&nbsp;&nbsp;&nbsp;trimQuotes
<LI><a href="#[22a]">&gt;&gt;</a>&nbsp;&nbsp;&nbsp;trim
<LI><a href="#[11f]">&gt;&gt;</a>&nbsp;&nbsp;&nbsp;strncpy
<LI><a href="#[120]">&gt;&gt;</a>&nbsp;&nbsp;&nbsp;__aeabi_memclr
<LI><a href="#[1d7]">&gt;&gt;</a>&nbsp;&nbsp;&nbsp;strlen
<LI><a href="#[1d4]">&gt;&gt;</a>&nbsp;&nbsp;&nbsp;strstr
<LI><a href="#[22c]">&gt;&gt;</a>&nbsp;&nbsp;&nbsp;strchr
<LI><a href="#[1d3]">&gt;&gt;</a>&nbsp;&nbsp;&nbsp;bt_dev_send_cmd
</UL>
<BR>[Called By]<UL><LI><a href="#[a3]">&gt;&gt;</a>&nbsp;&nbsp;&nbsp;bt_dev_task
</UL>

<P><STRONG><a name="[1df]"></a>get_bt_version_from_dev</STRONG> (Thumb, 148 bytes, Stack size 96 bytes, bt_device.o(.text.get_bt_version_from_dev))
<BR><BR>[Stack]<UL><LI>Max Depth = 344 + Unknown Stack Size
<LI>Call Chain = get_bt_version_from_dev &rArr; bt_dev_send_cmd &rArr; gt_serial_recv &rArr; xStreamBufferReceive &rArr; prvReadMessageFromBuffer &rArr; prvReadBytesFromBuffer
</UL>
<BR>[Calls]<UL><LI><a href="#[22b]">&gt;&gt;</a>&nbsp;&nbsp;&nbsp;trimQuotes
<LI><a href="#[22a]">&gt;&gt;</a>&nbsp;&nbsp;&nbsp;trim
<LI><a href="#[11f]">&gt;&gt;</a>&nbsp;&nbsp;&nbsp;strncpy
<LI><a href="#[120]">&gt;&gt;</a>&nbsp;&nbsp;&nbsp;__aeabi_memclr
<LI><a href="#[1d4]">&gt;&gt;</a>&nbsp;&nbsp;&nbsp;strstr
<LI><a href="#[22c]">&gt;&gt;</a>&nbsp;&nbsp;&nbsp;strchr
<LI><a href="#[1d3]">&gt;&gt;</a>&nbsp;&nbsp;&nbsp;bt_dev_send_cmd
</UL>
<BR>[Called By]<UL><LI><a href="#[a3]">&gt;&gt;</a>&nbsp;&nbsp;&nbsp;bt_dev_task
</UL>

<P><STRONG><a name="[241]"></a>calc_cyclic_addr</STRONG> (Thumb, 52 bytes, Stack size 8 bytes, gt_flash.o(.text.calc_cyclic_addr))
<BR><BR>[Stack]<UL><LI>Max Depth = 8<LI>Call Chain = calc_cyclic_addr
</UL>
<BR>[Called By]<UL><LI><a href="#[1de]">&gt;&gt;</a>&nbsp;&nbsp;&nbsp;gt_flash_write_log
<LI><a href="#[243]">&gt;&gt;</a>&nbsp;&nbsp;&nbsp;gt_flash_read_log
<LI><a href="#[240]">&gt;&gt;</a>&nbsp;&nbsp;&nbsp;gt_flash_init_log
</UL>

<P><STRONG><a name="[242]"></a>read_warning_block</STRONG> (Thumb, 90 bytes, Stack size 24 bytes, gt_flash.o(.text.read_warning_block))
<BR><BR>[Stack]<UL><LI>Max Depth = 204<LI>Call Chain = read_warning_block &rArr; spiflash_read_with_lock &rArr; xQueueGenericSend &rArr; prvCopyDataToQueue &rArr; xTaskPriorityDisinherit &rArr; vListInsertEnd
</UL>
<BR>[Calls]<UL><LI><a href="#[21a]">&gt;&gt;</a>&nbsp;&nbsp;&nbsp;spiflash_read_with_lock
</UL>
<BR>[Called By]<UL><LI><a href="#[23f]">&gt;&gt;</a>&nbsp;&nbsp;&nbsp;gt_flash_init_warning_info
</UL>

<P><STRONG><a name="[116]"></a>_partition_sort</STRONG> (Thumb, 478 bytes, Stack size 296 bytes, qsortnoex.o(.text))
<BR><BR>[Stack]<UL><LI>Max Depth = 296<LI>Call Chain = _partition_sort
</UL>
<BR>[Called By]<UL><LI><a href="#[115]">&gt;&gt;</a>&nbsp;&nbsp;&nbsp;qsort
</UL>

<P><STRONG><a name="[3aa]"></a>_dadd1</STRONG> (Thumb, 0 bytes, Stack size unknown bytes, daddsub_clz.o(x$fpl$dadd), UNUSED)
<BR><BR>[Called By]<UL><LI><a href="#[3a9]">&gt;&gt;</a>&nbsp;&nbsp;&nbsp;_dsub
</UL>

<P><STRONG><a name="[39d]"></a>_dsub1</STRONG> (Thumb, 0 bytes, Stack size unknown bytes, daddsub_clz.o(x$fpl$dsub), UNUSED)
<BR><BR>[Called By]<UL><LI><a href="#[39c]">&gt;&gt;</a>&nbsp;&nbsp;&nbsp;_dadd
</UL>

<P><STRONG><a name="[9f]"></a>_printf_input_char</STRONG> (Thumb, 10 bytes, Stack size 0 bytes, _printf_char_common.o(.text))
<BR>[Address Reference Count : 1]<UL><LI> _printf_char_common.o(.text)
</UL>
<P><STRONG><a name="[a0]"></a>_scanf_char_input</STRONG> (Thumb, 12 bytes, Stack size 0 bytes, scanf_char.o(.text))
<BR>[Address Reference Count : 1]<UL><LI> scanf_char.o(.text)
</UL>
<P><STRONG><a name="[13a]"></a>_local_sscanf</STRONG> (Thumb, 68 bytes, Stack size 64 bytes, strtod.o(.text))
<BR><BR>[Stack]<UL><LI>Max Depth = 404<LI>Call Chain = _local_sscanf &rArr; _scanf_real &rArr; _scanf_really_real &rArr; _fp_value &rArr; _btod_etento &rArr; _btod_emul &rArr; _e2e
</UL>
<BR>[Calls]<UL><LI><a href="#[13b]">&gt;&gt;</a>&nbsp;&nbsp;&nbsp;_scanf_real
</UL>
<BR>[Called By]<UL><LI><a href="#[13c]">&gt;&gt;</a>&nbsp;&nbsp;&nbsp;__strtod_int
</UL>

<P><STRONG><a name="[143]"></a>_fp_digits</STRONG> (Thumb, 432 bytes, Stack size 96 bytes, _printf_fp_dec.o(.text))
<BR><BR>[Stack]<UL><LI>Max Depth = 220<LI>Call Chain = _fp_digits &rArr; _btod_etento &rArr; _btod_emul &rArr; _e2e
</UL>
<BR>[Calls]<UL><LI><a href="#[147]">&gt;&gt;</a>&nbsp;&nbsp;&nbsp;_btod_emul
<LI><a href="#[146]">&gt;&gt;</a>&nbsp;&nbsp;&nbsp;_btod_ediv
<LI><a href="#[145]">&gt;&gt;</a>&nbsp;&nbsp;&nbsp;_btod_d2e
<LI><a href="#[144]">&gt;&gt;</a>&nbsp;&nbsp;&nbsp;_btod_etento
<LI><a href="#[131]">&gt;&gt;</a>&nbsp;&nbsp;&nbsp;_ll_udiv10
</UL>
<BR>[Called By]<UL><LI><a href="#[148]">&gt;&gt;</a>&nbsp;&nbsp;&nbsp;_printf_fp_dec_real
</UL>

<P><STRONG><a name="[14f]"></a>_fp_value</STRONG> (Thumb, 588 bytes, Stack size 96 bytes, scanf_fp.o(.text))
<BR><BR>[Stack]<UL><LI>Max Depth = 220<LI>Call Chain = _fp_value &rArr; _btod_etento &rArr; _btod_emul &rArr; _e2e
</UL>
<BR>[Calls]<UL><LI><a href="#[151]">&gt;&gt;</a>&nbsp;&nbsp;&nbsp;_btod_emuld
<LI><a href="#[152]">&gt;&gt;</a>&nbsp;&nbsp;&nbsp;_btod_edivd
<LI><a href="#[144]">&gt;&gt;</a>&nbsp;&nbsp;&nbsp;_btod_etento
<LI><a href="#[111]">&gt;&gt;</a>&nbsp;&nbsp;&nbsp;__aeabi_errno_addr
<LI><a href="#[150]">&gt;&gt;</a>&nbsp;&nbsp;&nbsp;__ieee_status
</UL>
<BR>[Called By]<UL><LI><a href="#[153]">&gt;&gt;</a>&nbsp;&nbsp;&nbsp;_scanf_really_real
</UL>
<P>
<H3>
Undefined Global Symbols
</H3><HR></body></html>
